E/dalvikvm(26566): threadid=26: calling run(),name=tentative-gc-runner

W/dalvikvm(26566): VFY: unable to resolve static method 1289: Landroid/provider/Settings$Global;.getInt (Landroid/content/ContentResolver;Ljava/lang/String;I)I

D/Finsky  (26566): [1] DailyHygiene.goMakeHygieneIfDirty: No need to run daily hygiene.

E/dalvikvm(26566): threadid=27: created from interp,name=libraries-thread

E/dalvikvm(26566): threadid=27: calling run(),name=libraries-thread

W/dalvikvm(26566): VFY: unable to resolve static method 1289: Landroid/provider/Settings$Global;.getInt (Landroid/content/ContentResolver;Ljava/lang/String;I)I

W/dalvikvm(26566): VFY: unable to resolve virtual method 1252: Landroid/os/StatFs;.getAvailableBytes ()J

E/dalvikvm(26566): threadid=28: created from interp,name=AsyncTask #1

E/dalvikvm(26566): threadid=28: calling run(),name=AsyncTask #1

W/dalvikvm(26566): VFY: unable to resolve virtual method 22356: Lcom/google/android/finsky/layout/DocImageView;.setTransitionName (Ljava/lang/String;)V

W/dalvikvm(26566): VFY: unable to resolve virtual method 22356: Lcom/google/android/finsky/layout/DocImageView;.setTransitionName (Ljava/lang/String;)V

W/dalvikvm(26566): VFY: unable to resolve virtual method 39132: Lcom/google/android/play/layout/PlayCardViewBase;.setTransitionGroup (Z)V

W/dalvikvm(26566): VFY: unable to resolve virtual method 9870: Landroid/view/View;.getTransitionName ()Ljava/lang/String;

I/LBE-Sec (26566): ActivityManager.GetContentProvider->com.google.settings

D/dalvikvm(25663): WAIT_FOR_CONCURRENT_GC blocked 0ms

D/dalvikvm(25663): GC_EXPLICIT freed 404K, 39% free 11377K/18499K, paused 2ms+5ms, total 32ms

W/dalvikvm(26515): Unable to resolve superclass of Lcom/whatsapp/aym; (1312)

W/dalvikvm(26515): Link of class 'Lcom/whatsapp/aym;' failed

E/dalvikvm(26515): Could not find class 'com.whatsapp.aym', referenced from method com.whatsapp.Conversation.onCreate

W/dalvikvm(26515): VFY: unable to resolve new-instance 3802 (Lcom/whatsapp/aym;) in Lcom/whatsapp/Conversation;

W/dalvikvm(26566): VFY: unable to resolve virtual method 580: Landroid/content/res/Configuration;.getLayoutDirection ()I

W/dalvikvm(26566): VFY: unable to resolve virtual method 533: Landroid/content/pm/PackageManager;.extendVerificationTimeout (IIJ)V

W/dalvikvm(26515): Unable to resolve superclass of Lcom/whatsapp/aym; (1312)

W/dalvikvm(26515): Link of class 'Lcom/whatsapp/aym;' failed

I/LBE-Sec (26566): ActivityManager.GetContentProvider->downloads

D/dalvikvm(  525): WAIT_FOR_CONCURRENT_GC blocked 0ms

D/PhoneStatusBar(  777): updateNotification pkg=com.whatsapp;id=1

D/dalvikvm(  777): GC_CONCURRENT freed 5204K, 26% free 30108K/40455K, paused 2ms+34ms, total 82ms

D/Finsky  (26566): [1] 2.run: Loaded library for account: [ma9lOPKmetAdGdF-1DsRSMdLijA]

D/Finsky  (26566): [1] 2.run: Finished loading 1 libraries.

D/Finsky  (26566): [5923] InAppBillingUtils.pickAccount: com.whatsapp: Account determined from installer data - [ma9lOPKmetAdGdF-1DsRSMdLijA]

D/Finsky  (26566): [5922] InAppBillingUtils.pickAccount: com.whatsapp: Account determined from installer data - [ma9lOPKmetAdGdF-1DsRSMdLijA]

D/dalvikvm(  525): GC_EXPLICIT freed 2099K, 42% free 37750K/64775K, paused 4ms+16ms, total 144ms

E/dalvikvm(26566): threadid=29: created from interp,name=AsyncTask #2

E/dalvikvm(26566): threadid=29: calling run(),name=AsyncTask #2

E/dalvikvm(26566): threadid=30: created from interp,name=AsyncTask #3

E/dalvikvm(26566): threadid=30: calling run(),name=AsyncTask #3

D/Finsky  (26566): [1] GmsCoreHelper.cleanupNlp: result=false type=1

E/dalvikvm(26566): threadid=32: created from interp,name=Thread-5948

E/dalvikvm(26566): threadid=32: calling run(),name=Thread-5948

D/Finsky  (26566): [5947] InAppBillingUtils.pickAccount: com.whatsapp: Account determined from installer data - [ma9lOPKmetAdGdF-1DsRSMdLijA]

D/Finsky  (26566): [1] RestoreTracker.stopServiceIfDone: Restore complete with 0 success and 0 failed.

E/dalvikvm(26515): threadid=43: created from interp,name=ReaderThread

E/dalvikvm(26515): threadid=43: calling run(),name=ReaderThread

D/dalvikvm( 1149): GC_CONCURRENT freed 6048K, 20% free 32610K/40519K, paused 12ms+24ms, total 100ms

E/dalvikvm(26515): threadid=44: created from interp,name=Timer-0

E/dalvikvm(26515): threadid=45: created from interp,name=AsyncTask #2

E/dalvikvm(26515): threadid=44: calling run(),name=Timer-0

E/dalvikvm(26515): threadid=45: calling run(),name=AsyncTask #2

E/dalvikvm(26515): threadid=46: created from interp,name=Axolotl

W/dalvikvm(26515): VFY: unable to resolve virtual method 161: Landroid/app/AlarmManager;.setExact (IJLandroid/app/PendingIntent;)V

E/dalvikvm(26515): threadid=46: calling run(),name=Axolotl

E/dalvikvm(26515): threadid=47: created from interp,name=MediaLoader

E/dalvikvm(26515): threadid=47: calling run(),name=MediaLoader

E/dalvikvm(26515): threadid=48: created from interp,name=AsyncTask #3

E/dalvikvm(26515): threadid=48: calling run(),name=AsyncTask #3

E/dalvikvm(26515): threadid=49: created from interp,name=IntentService[com.whatsapp.c2dm.C2DMRegistrar]

E/dalvikvm(26515): threadid=49: calling run(),name=IntentService[com.whatsapp.c2dm.C2DMRegistrar]

E/dalvikvm(26515): threadid=49: exiting,name=IntentService[com.whatsapp.c2dm.C2DMRegistrar]

E/dalvikvm(25569): threadid=26: exiting,name=JmDNS(connectsdk).State.Timer

I/XiaomiFirewall( 5487): firewall pkgName:com.example.android.slidingtabsbasic, result:0

E/dalvikvm(25569): threadid=18: created from interp,name=SocketListener(connectsdk)

E/dalvikvm(25569): threadid=18: calling run(),name=SocketListener(connectsdk)

E/dalvikvm(25569): threadid=24: created from interp,name=JmDNS(connectsdk).Timer

E/dalvikvm(25569): threadid=24: calling run(),name=JmDNS(connectsdk).Timer

E/dalvikvm(25569): threadid=26: created from interp,name=JmDNS(connectsdk).State.Timer

E/dalvikvm(25569): threadid=26: calling run(),name=JmDNS(connectsdk).State.Timer

I/BatteryStatsImpl(  525): Start partial wakelock CastSocketMultiplexer(uid=10012, pid=25623) nesting 2

I/BatteryStatsImpl(  525): Start partial wakelock CastDeviceController(uid=10012, pid=25623) nesting 3

I/BatteryStatsImpl(  525): Stop partial wakelock CastDeviceController(uid=10012, pid=25623) nesting 2

D/WifiStateMachine(  525): ConnectedState{ what=131155 when=-1ms arg1=536 }

D/WifiStateMachine(  525): L2ConnectedState{ what=131155 when=-1ms arg1=536 }

D/wpa_supplicant(24911): wpa_s 0x40828ed0 cmd SIGNAL_POLL

D/wpa_supplicant(24911): nl80211: survey data missing!

I/BatteryStatsImpl(  525): Stop partial wakelock CastSocketMultiplexer(uid=10012, pid=25623) nesting 1

W/PushService( 1107): 2015-06-10 12:36:53,310 - [WARN::PushService] - [Thread:70] JOB: check the ping-pong.

D/WifiStateMachine(  525): ConnectedState{ what=131155 when=-3ms arg1=536 }

D/WifiStateMachine(  525): L2ConnectedState{ what=131155 when=-3ms arg1=536 }

D/wpa_supplicant(24911): wpa_s 0x40828ed0 cmd SIGNAL_POLL

D/wpa_supplicant(24911): nl80211: survey data missing!

E/dalvikvm(25623): threadid=14: created from interp,name=AsyncOperationService[CastDeviceScannerIntentService]

E/dalvikvm(25623): threadid=14: calling run(),name=AsyncOperationService[CastDeviceScannerIntentService]

E/dalvikvm(25623): threadid=15: exiting,name=Thread-6009

E/dalvikvm(25623): threadid=16: exiting,name=Thread-6010

E/dalvikvm(25623): threadid=20: exiting,name=Thread-6011

E/dalvikvm(25623): threadid=14: exiting,name=AsyncOperationService[CastDeviceScannerIntentService]

E/dalvikvm(25569): threadid=24: exiting,name=JmDNS(connectsdk).Timer

I/DsService( 1034): DsService.onTrimMemory() level 15

E/dalvikvm(25569): threadid=24: created from interp,name=Timer-59

E/dalvikvm(25569): threadid=24: calling run(),name=Timer-59

E/dalvikvm(25569): threadid=27: created from interp,name=Timer-60

E/dalvikvm(25569): threadid=27: calling run(),name=Timer-60

E/dalvikvm(25569): threadid=28: created from interp,name=Timer-61

E/dalvikvm(25569): threadid=28: calling run(),name=Timer-61

E/dalvikvm(25569): threadid=29: created from interp,name=Timer-62

E/dalvikvm(25569): threadid=29: calling run(),name=Timer-62

E/dalvikvm(25623): threadid=14: created from interp,name=AsyncOperationService[CastDeviceScannerIntentService]

E/dalvikvm(25623): threadid=14: calling run(),name=AsyncOperationService[CastDeviceScannerIntentService]

I/XiaomiFirewall( 5487): firewall pkgName:com.google.android.gms, result:0

E/dalvikvm(25623): threadid=15: created from interp,name=Thread-6014

E/dalvikvm(25623): threadid=15: calling run(),name=Thread-6014

E/dalvikvm(25623): threadid=16: created from interp,name=Thread-6015

E/dalvikvm(25623): threadid=16: calling run(),name=Thread-6015

E/dalvikvm(25569): threadid=18: exiting,name=SocketListener(connectsdk)

E/dalvikvm(25623): threadid=20: created from interp,name=Thread-6016

E/dalvikvm(25623): threadid=15: exiting,name=Thread-6014

E/dalvikvm(25623): threadid=16: exiting,name=Thread-6015

E/dalvikvm(25623): threadid=20: calling run(),name=Thread-6016

E/dalvikvm(25623): threadid=20: exiting,name=Thread-6016

E/dalvikvm(25623): threadid=15: created from interp,name=Thread-6017

E/dalvikvm(25623): threadid=15: calling run(),name=Thread-6017

E/dalvikvm(25623): threadid=16: created from interp,name=Thread-6018

E/dalvikvm(25623): threadid=16: calling run(),name=Thread-6018

E/dalvikvm(25623): threadid=20: created from interp,name=Thread-6019

E/dalvikvm(25623): threadid=20: calling run(),name=Thread-6019

E/dalvikvm(25663): threadid=24: created from interp,name=AsyncOperationService[ClearcutLoggerIntentService]

E/dalvikvm(25663): threadid=24: calling run(),name=AsyncOperationService[ClearcutLoggerIntentService]

I/BatteryStatsImpl(  525): Start partial wakelock CastSocketMultiplexer(uid=10012, pid=25623) nesting 2

I/BatteryStatsImpl(  525): Start partial wakelock CastDeviceController(uid=10012, pid=25623) nesting 3

I/BatteryStatsImpl(  525): Stop partial wakelock CastDeviceController(uid=10012, pid=25623) nesting 2

E/dalvikvm(25623): threadid=14: exiting,name=AsyncOperationService[CastDeviceScannerIntentService]

E/dalvikvm(25663): threadid=24: exiting,name=AsyncOperationService[ClearcutLoggerIntentService]

D/WifiStateMachine(  525): ConnectedState{ what=131155 when=-6ms arg1=536 }

D/WifiStateMachine(  525): L2ConnectedState{ what=131155 when=-7ms arg1=536 }

D/wpa_supplicant(24911): wpa_s 0x40828ed0 cmd SIGNAL_POLL

D/wpa_supplicant(24911): nl80211: survey data missing!

I/BatteryStatsImpl(  525): Stop partial wakelock CastSocketMultiplexer(uid=10012, pid=25623) nesting 1

D/Process (  525): Begin--Starting VM process through Zygote processClass-->android.app.ActivityThread niceName-->com.android.thememanager

E/dalvikvm(  179): threadid=2: exiting,name=ReferenceQueueDaemon

E/dalvikvm(  179): threadid=3: exiting,name=FinalizerDaemon

E/dalvikvm(  179): threadid=4: exiting,name=FinalizerWatchdogDaemon

E/dalvikvm(  179): native fork pid:26678 done.

E/dalvikvm(  179): threadid=2: created from interp,name=ReferenceQueueDaemon

E/dalvikvm(  179): threadid=2: calling run(),name=ReferenceQueueDaemon

E/dalvikvm(  179): threadid=3: created from interp,name=FinalizerDaemon

E/dalvikvm(  179): threadid=3: calling run(),name=FinalizerDaemon

E/dalvikvm(  179): threadid=4: created from interp,name=FinalizerWatchdogDaemon

E/dalvikvm(  179): threadid=4: calling run(),name=FinalizerWatchdogDaemon

D/Process (  525): End--Starting VM process through Zygote done.pid-->26678

E/dalvikvm(26678): native fork pid:0 done.

E/dalvikvm(26678): threadid=5: created from interp,name=ReferenceQueueDaemon

E/dalvikvm(26678): threadid=5: calling run(),name=ReferenceQueueDaemon

E/dalvikvm(26678): threadid=6: created from interp,name=FinalizerDaemon

E/dalvikvm(26678): threadid=6: calling run(),name=FinalizerDaemon

E/dalvikvm(26678): threadid=7: created from interp,name=FinalizerWatchdogDaemon

I/ActivityManager(  525): Start proc com.android.thememanager for service com.android.thememanager/.service.ThemeTaskService: pid=26678 uid=9801 gids={2001, 3003, 1015, 1028}

E/dalvikvm(26678): threadid=7: calling run(),name=FinalizerWatchdogDaemon

D/ActivityThread(26678): setTargetHeapUtilization:0.25

D/ActivityThread(26678): setTargetHeapIdealFree:8388608

D/ActivityThread(26678): setTargetHeapConcurrentStart:2097152

I/ActivityThread(26678): Pub com.android.thememanager.provider: com.android.thememanager.service.ThemeRuntimeDataProvider

E/dalvikvm(26678): threadid=10: created from interp,name=SharedPreferencesImpl-load

E/dalvikvm(26678): threadid=10: calling run(),name=SharedPreferencesImpl-load

E/dalvikvm(26678): threadid=10: exiting,name=SharedPreferencesImpl-load

E/dalvikvm(26678): threadid=10: created from interp,name=ResourceDownloadService.QueryThread

E/dalvikvm(26678): threadid=10: calling run(),name=ResourceDownloadService.QueryThread

E/dalvikvm(26678): threadid=11: created from interp,name=ResourceDownloadService.DispatchThread

E/dalvikvm(26678): threadid=11: calling run(),name=ResourceDownloadService.DispatchThread

E/dalvikvm(26678): threadid=12: created from interp,name=SharedPreferencesImpl-load

E/dalvikvm(26678): threadid=12: calling run(),name=SharedPreferencesImpl-load

E/dalvikvm(26678): threadid=12: exiting,name=SharedPreferencesImpl-load

E/dalvikvm(26678): threadid=12: created from interp,name=SharedPreferencesImpl-load

E/dalvikvm(26678): threadid=12: calling run(),name=SharedPreferencesImpl-load

D/ads-notify-fd5dfce4(26678): app: com.android.thememanager

E/dalvikvm(26678): threadid=12: exiting,name=SharedPreferencesImpl-load

I/XiaomiFirewall( 5487): firewall pkgName:com.android.thememanager, result:0

D/ads-notify-fd5dfce4(26678): logSender: com.xiaomi.miui.pushads.sdk.trace.AdsLogSender@426a6610

D/ads-notify-fd5dfce4(26678): com.android.thememanager--->init channel

E/dalvikvm(26678): threadid=12: created from interp,name=SharedPreferencesImpl-load

E/dalvikvm(26678): threadid=12: calling run(),name=SharedPreferencesImpl-load

E/dalvikvm(26678): threadid=12: exiting,name=SharedPreferencesImpl-load

D/ads-notify-fd5dfce4(26678): com.android.thememanager--->cahnel OK

E/dalvikvm( 1107): threadid=22: created from interp,name=IntentService[XMPushService Bridge]

E/dalvikvm( 1107): threadid=22: calling run(),name=IntentService[XMPushService Bridge]

E/dalvikvm( 1107): threadid=22: exiting,name=IntentService[XMPushService Bridge]

D/ads-notify-fd5dfce4(26678): com.android.thememanager-->set alias: com.xiaomi.miui.pushads.sdk281749620 thread: main

E/dalvikvm(26678): threadid=12: created from interp,name=SharedPreferencesImpl-load

E/dalvikvm(26678): threadid=12: calling run(),name=SharedPreferencesImpl-load

D/ads-notify-fd5dfce4(26678): com.android.thememanager--->onCommandResult == set-alias resultCode: 0 reason: null

D/ads-notify-fd5dfce4(26678): param: com.xiaomi.miui.pushads.sdk281749620

D/ads-notify-fd5dfce4(26678): com.android.thememanager--->alias ok: com.xiaomi.miui.pushads.sdk281749620

E/dalvikvm(26678): threadid=12: exiting,name=SharedPreferencesImpl-load

I/BatteryStatsImpl(  525): Start partial wakelock AlarmManager(uid=1000, pid=525) nesting 2

D/PictureClock(  777): newTime=12:37

I/BatteryStatsImpl(  525): Stop partial wakelock AlarmManager(uid=1000, pid=525) nesting 1

D/BatteryInfoReceiver( 1226): 现有电量：53

D/WifiStateMachine(  525): ConnectedState{ what=131155 when=-3ms arg1=536 }

D/WifiStateMachine(  525): L2ConnectedState{ what=131155 when=-3ms arg1=536 }

D/wpa_supplicant(24911): wpa_s 0x40828ed0 cmd SIGNAL_POLL

D/wpa_supplicant(24911): nl80211: survey data missing!

W/SignalStrength(  951): Signal before validate=SignalStrength: 18 0 -1 -1 -1 -1 -1 99 2147483647 2147483647 2147483647 2147483647 2147483647 cdma

W/SignalStrength(  951): Signal after validate=SignalStrength: 18 0 -120 -160 -120 -1 -1 99 2147483647 2147483647 2147483647 2147483647 2147483647 cdma

D/StatusBar.NetworkController(  777): updateTelephonySignalStrength: mSignalStrength == 18(GSM) 99(CDMA) 255(LTE)

E/dalvikvm(25569): threadid=26: exiting,name=JmDNS(connectsdk).State.Timer

I/XiaomiFirewall( 5487): firewall pkgName:com.example.android.slidingtabsbasic, result:0

E/dalvikvm(25569): threadid=18: created from interp,name=SocketListener(connectsdk)

E/dalvikvm(25569): threadid=18: calling run(),name=SocketListener(connectsdk)

E/dalvikvm(25569): threadid=26: created from interp,name=JmDNS(connectsdk).Timer

E/dalvikvm(25569): threadid=26: calling run(),name=JmDNS(connectsdk).Timer

E/dalvikvm(25569): threadid=31: created from interp,name=JmDNS(connectsdk).State.Timer

E/dalvikvm(25569): threadid=31: calling run(),name=JmDNS(connectsdk).State.Timer

I/BatteryStatsImpl(  525): Start partial wakelock CastSocketMultiplexer(uid=10012, pid=25623) nesting 2

I/BatteryStatsImpl(  525): Start partial wakelock CastDeviceController(uid=10012, pid=25623) nesting 3

I/BatteryStatsImpl(  525): Stop partial wakelock CastDeviceController(uid=10012, pid=25623) nesting 2

I/BatteryStatsImpl(  525): Stop partial wakelock CastSocketMultiplexer(uid=10012, pid=25623) nesting 1

W/EventHub(  525): Power state change: screenOn=0, screenBright=0

I/Sensors (  271): sns_pwr.c(417):sns_pwr_set_cpu_latency: hz -1

I/BatteryStatsImpl(  525): Stop partial wakelock dummy(uid=-1, pid=-1) nesting 0

I/Sensors (  271): DSPS file:sns_smgr_sol.c(1230):SMGR: One val: 1

I/Sensors (  271): DSPS file:sns_smgr_sol.c(1230):SMGR: One val: 0

I/Sensors (  271): DSPS file:sns_smgr_md.c(597):Send power vote 0 due to request from client 0 at time -892716284

I/Sensors (  271): sns_pwr.c(608):sns_pwr_off: vote mask 0x1, g_vote_mask 0x1, fd: 11

D/WifiStateMachine(  525): ConnectedState{ what=131155 when=-3ms arg1=536 }

D/WifiStateMachine(  525): L2ConnectedState{ what=131155 when=-3ms arg1=536 }

D/wpa_supplicant(24911): wpa_s 0x40828ed0 cmd SIGNAL_POLL

D/wpa_supplicant(24911): nl80211: survey data missing!

E/Aries PowerHAL(  525): Error writing to /sys/devices/system/cpu/cpu1/online: Device or resource busy

E/Aries PowerHAL(  525): Error writing to /sys/devices/system/cpu/cpu2/online: Device or resource busy

E/Aries PowerHAL(  525): Error writing to /sys/devices/system/cpu/cpu3/online: Device or resource busy

I/Sensors (  271): sns_pwr.c(548):sns_pwr_on: vote 0x1, g_vote_mask 0x0, fd: 11

I/Sensors (  271): sns_pwr.c(559):Sent ON ioctl

I/Sensors (  271): sns_pwr.c(417):sns_pwr_set_cpu_latency: hz 5

I/Sensors (  271): DSPS file:sns_smgr_md.c(597):Send power vote 1 due to request from client 0 at time -892703454

I/Sensors (  271): DSPS file:sns_smgr_sol.c(1338):SMGR: One val: 1

D/AbstractScreenOnProximityLock(  525): try to release

I/Sensors (  271): sns_pwr.c(417):sns_pwr_set_cpu_latency: hz -1

I/Sensors (  271): DSPS file:sns_smgr_sol.c(1230):SMGR: One val: 0

I/Sensors (  271): DSPS file:sns_smgr_md.c(597):Send power vote 0 due to request from client 0 at time -892703133

I/Sensors (  271): sns_pwr.c(608):sns_pwr_off: vote mask 0x1, g_vote_mask 0x1, fd: 11

I/BatteryStatsImpl(  525): Start partial wakelock sleep_broadcast(uid=1000, pid=525) nesting 1

I/BatteryStatsImpl(  525): Start partial wakelock ActivityManager-Sleep(uid=1000, pid=525) nesting 2

I/BatteryStatsImpl(  525): Stop partial wakelock ActivityManager-Sleep(uid=1000, pid=525) nesting 1

E/dalvikvm(  985): threadid=11: created from interp,name=pool-2-thread-240

E/dalvikvm(  985): threadid=11: calling run(),name=pool-2-thread-240

W/IInputConnectionWrapper(25569): getExtractedText on inactive InputConnection

W/IInputConnectionWrapper(25569): getTextBeforeCursor on inactive InputConnection

W/IInputConnectionWrapper(25569): getSelectedText on inactive InputConnection

W/IInputConnectionWrapper(25569): getTextAfterCursor on inactive InputConnection

D/AudioHardwareALSA(  181): setParameters() screen_state=off

E/bp      (  985): onStartInput event aborted: com.touchtype.keyboard.c.ag: could not obtain extracted text (class com.touchtype.keyboard.c.ag)

I/BatteryStatsImpl(  525): Start partial wakelock RILJ(uid=1001, pid=951) nesting 2

D/AccelerometerListener(  951): enable(false)

D/WifiStateMachine(  525): ConnectedState{ what=131154 when=0 }

D/WifiStateMachine(  525): L2ConnectedState{ what=131154 when=0 }

D/WifiStateMachine(  525): ConnectedState{ what=131158 when=-1ms }

D/WifiStateMachine(  525): L2ConnectedState{ what=131158 when=-1ms }

I/BatteryStatsImpl(  525): Start partial wakelock WifiSuspend(uid=1000, pid=525) nesting 3

D/WifiStateMachine(  525): ConnectModeState{ what=131158 when=-1ms }

D/WifiStateMachine(  525): DriverStartedState{ what=131158 when=-2ms }

D/wpa_supplicant(24911): wpa_s 0x40828ed0 cmd DRIVER SETSUSPENDMODE 1

I/BatteryStatsImpl(  525): Stop partial wakelock WifiSuspend(uid=1000, pid=525) nesting 2

E/dalvikvm(25663): threadid=24: created from interp,name=pool-9-thread-1

E/dalvikvm(25663): threadid=24: calling run(),name=pool-9-thread-1

I/BatteryStatsImpl(  525): Start partial wakelock Wakeful StateMachine: GeofencerStateMachine(uid=10012, pid=25735) nesting 3

I/BatteryStatsImpl(  525): Stop partial wakelock Wakeful StateMachine: GeofencerStateMachine(uid=10012, pid=25735) nesting 2

I/BatteryStatsImpl(  525): Start partial wakelock GCoreFlp(uid=10012, pid=25735) nesting 3

I/BatteryStatsImpl(  525): Stop partial wakelock GCoreFlp(uid=10012, pid=25735) nesting 2

I/BatteryStatsImpl(  525): Stop partial wakelock RILJ(uid=1001, pid=951) nesting 1

E/dalvikvm(25623): threadid=15: exiting,name=Thread-6017

E/dalvikvm(25623): threadid=16: exiting,name=Thread-6018

E/dalvikvm(25623): threadid=20: exiting,name=Thread-6019

I/BatteryStatsImpl(  525): Stop partial wakelock sleep_broadcast(uid=1000, pid=525) nesting 0

I/Sensors (  271): sns_pwr.c(337):Sent OFF ioctl

E/dalvikvm(25623): threadid=14: created from interp,name=AsyncOperationService[CastDeviceScannerIntentService]

E/dalvikvm(25623): threadid=14: calling run(),name=AsyncOperationService[CastDeviceScannerIntentService]

I/Sensors (  271): sns_pwr.c(307):releasing wakelock

E/dalvikvm(25623): threadid=14: exiting,name=AsyncOperationService[CastDeviceScannerIntentService]

E/dalvikvm(25569): threadid=26: exiting,name=JmDNS(connectsdk).Timer

I/DsService( 1034): DsService.onTrimMemory() level 15

E/dalvikvm(25569): threadid=26: created from interp,name=Timer-63

E/dalvikvm(25569): threadid=26: calling run(),name=Timer-63

E/dalvikvm(25569): threadid=32: created from interp,name=Timer-64

E/dalvikvm(25569): threadid=32: calling run(),name=Timer-64

E/dalvikvm(25569): threadid=33: created from interp,name=Timer-65

E/dalvikvm(25569): threadid=33: calling run(),name=Timer-65

E/dalvikvm(25569): threadid=34: created from interp,name=Timer-66

E/dalvikvm(25569): threadid=34: calling run(),name=Timer-66

E/dalvikvm(25623): threadid=14: created from interp,name=AsyncOperationService[CastDeviceScannerIntentService]

E/dalvikvm(25623): threadid=14: calling run(),name=AsyncOperationService[CastDeviceScannerIntentService]

D/dalvikvm(25623): WAIT_FOR_CONCURRENT_GC blocked 0ms

D/WifiStateMachine(  525): ConnectedState{ what=131155 when=-3ms arg1=536 }

D/WifiStateMachine(  525): L2ConnectedState{ what=131155 when=-3ms arg1=536 }

D/dalvikvm(25623): GC_EXPLICIT freed 4171K, 38% free 11498K/18499K, paused 4ms+8ms, total 58ms

I/BatteryStatsImpl(  525): Start partial wakelock CastSocketMultiplexer(uid=10012, pid=25623) nesting 1

I/BatteryStatsImpl(  525): Start partial wakelock CastDeviceController(uid=10012, pid=25623) nesting 2

I/BatteryStatsImpl(  525): Stop partial wakelock CastDeviceController(uid=10012, pid=25623) nesting 1

I/BatteryStatsImpl(  525): Start partial wakelock CastDeviceController(uid=10012, pid=25623) nesting 2

I/BatteryStatsImpl(  525): Stop partial wakelock CastDeviceController(uid=10012, pid=25623) nesting 1

E/dalvikvm(25623): threadid=14: exiting,name=AsyncOperationService[CastDeviceScannerIntentService]

I/BatteryStatsImpl(  525): Stop partial wakelock CastSocketMultiplexer(uid=10012, pid=25623) nesting 0

D/Process (  525): Begin--Starting VM process through Zygote processClass-->android.app.ActivityThread niceName-->com.miui.video

E/dalvikvm(  179): threadid=2: exiting,name=ReferenceQueueDaemon

E/dalvikvm(  179): threadid=3: exiting,name=FinalizerDaemon

E/dalvikvm(  179): threadid=4: exiting,name=FinalizerWatchdogDaemon

E/dalvikvm(  179): native fork pid:26757 done.

E/dalvikvm(26757): native fork pid:0 done.

E/dalvikvm(26757): threadid=5: created from interp,name=ReferenceQueueDaemon

E/dalvikvm(  179): threadid=2: created from interp,name=ReferenceQueueDaemon

E/dalvikvm(  179): threadid=2: calling run(),name=ReferenceQueueDaemon

E/dalvikvm(26757): threadid=5: calling run(),name=ReferenceQueueDaemon

E/dalvikvm(26757): threadid=6: created from interp,name=FinalizerDaemon

E/dalvikvm(  179): threadid=3: created from interp,name=FinalizerDaemon

E/dalvikvm(  179): threadid=3: calling run(),name=FinalizerDaemon

E/dalvikvm(26757): threadid=6: calling run(),name=FinalizerDaemon

E/dalvikvm(26757): threadid=7: created from interp,name=FinalizerWatchdogDaemon

E/dalvikvm(  179): threadid=4: created from interp,name=FinalizerWatchdogDaemon

E/dalvikvm(  179): threadid=4: calling run(),name=FinalizerWatchdogDaemon

D/Process (  525): End--Starting VM process through Zygote done.pid-->26757

I/ActivityManager(  525): Start proc com.miui.video for service com.miui.video/com.xiaomi.miui.pushads.sdk.MiPushRelayTraceService: pid=26757 uid=10041 gids={1023, 3003, 1028, 1015, 1007}

E/dalvikvm(26757): threadid=7: calling run(),name=FinalizerWatchdogDaemon

D/ActivityThread(26757): setTargetHeapUtilization:0.25

D/ActivityThread(26757): setTargetHeapIdealFree:8388608

D/ActivityThread(26757): setTargetHeapConcurrentStart:2097152

D/dalvikvm(26757): WAIT_FOR_CONCURRENT_GC blocked 0ms

I/ActivityThread(26757): Pub com.miui.video.provider.MediaInfoForPlayerProvider: com.duokan.tv.video.provider.MediaInfoForPlayerProvider

E/dalvikvm(26757): threadid=10: created from interp,name=Timer-0

I/DuoKanConstants(26757): cm custom: false

I/DuoKanConstants(26757): x1: false

I/DuoKanConstants(26757): x2: true

I/DuoKanConstants(26757): x2a: false

I/DuoKanConstants(26757): x3: false

I/DuoKanConstants(26757): x3td: false

I/DuoKanConstants(26757): x3wc: false

I/DuoKanConstants(26757): x4: false

I/DuoKanConstants(26757): h2td: false

I/DuoKanConstants(26757): h2wc: false

I/DuoKanConstants(26757): h2a: false

I/DuoKanConstants(26757): h2s: false

I/DuoKanConstants(26757): h2s_mtk: false

I/DuoKanConstants(26757): h2s_mtk: false

I/DuoKanConstants(26757): h2x: false

I/DuoKanConstants(26757): h2: false

I/DuoKanConstants(26757): h3wc: false

I/DuoKanConstants(26757): h3td: false

I/DuoKanConstants(26757): h3lte: false

I/DuoKanConstants(26757): h3td: false

I/DuoKanConstants(26757): h3wc: false

I/DuoKanConstants(26757): h3: false

I/DuoKanConstants(26757): hongmi: false

I/DuoKanConstants(26757): p1: false

E/dalvikvm(26757): threadid=10: calling run(),name=Timer-0

I/DKApp   (26757): onCreate()

D/com.duokan.tv.video.common.R(26757): androidId : f14c0837c9fc11c7

I/DKApp   (26757): internal files dir: /data/data/com.miui.video/files

D/com.duokan.tv.video.common.R(26757): imei : 865002020329835

I/DKApp   (26757): internal files dir: /data/data/com.miui.video/files

I/DKApp   (26757): internal files dir: /data/data/com.miui.video/files

E/D       (26757): java.io.FileNotFoundException: /data/data/com.miui.video/files/tv_play_history.xml: open failed: ENOENT (No such file or directory)

I/com.duokan.tv.video.common.af(26757): loadPlayHistory time = 9

I/DKApp   (26757): internal files dir: /data/data/com.miui.video/files

E/com.duokan.tv.video.common.Q(26757): java.io.FileNotFoundException: /data/data/com.miui.video/files/myfavorite/281749620_myfavorite.xml: open failed: ENOENT (No such file or directory)

E/com.duokan.tv.video.common.Q(26757): loadMyFavorite t2 - t1 = 3

E/dalvikvm(26757): threadid=11: created from interp,name=JobRunner

E/dalvikvm(26757): threadid=11: calling run(),name=JobRunner

I/DKApp   (26757): internal files dir: /data/data/com.miui.video/files

I/DKApp   (26757): internal files dir: /data/data/com.miui.video/files

I/DKApp   (26757): internal files dir: /data/data/com.miui.video/files

I/DKApp   (26757): internal files dir: /data/data/com.miui.video/files

I/DKApp   (26757): internal files dir: /data/data/com.miui.video/files

E/com.duokan.tv.video.common.o(26757): failed to read object from /data/data/com.miui.video/files/cache/data/token_info.cache

E/dalvikvm(26757): threadid=12: created from interp,name=AsyncTask #1

E/dalvikvm(26757): threadid=12: calling run(),name=AsyncTask #1

E/com.duokan.tv.video.common.o(26757): failed to read object from /data/data/com.miui.video/files/cache/data/sync_recentplayhistory.cache

E/com.duokan.tv.video.common.o(26757): failed to read object from /data/data/com.miui.video/files/cache/data/source_info.cache

E/dalvikvm(26757): threadid=13: created from interp,name=SharedPreferencesImpl-load

E/dalvikvm(26757): threadid=13: calling run(),name=SharedPreferencesImpl-load

E/com.duokan.tv.video.common.o(26757): failed to read object from /data/data/com.miui.video/files/cacheaddon_list.cache

D/ads-notify-fd5dfce4(26757): app: com.miui.video

E/dalvikvm(26757): threadid=13: exiting,name=SharedPreferencesImpl-load

I/XiaomiFirewall( 5487): firewall pkgName:com.miui.video, result:0

D/ads-notify-fd5dfce4(26757): logSender: com.xiaomi.miui.pushads.sdk.a.b@426f9a08

D/ads-notify-fd5dfce4(26757): com.miui.video--->init channel

E/dalvikvm(26757): threadid=13: created from interp,name=SharedPreferencesImpl-load

E/dalvikvm(26757): threadid=13: calling run(),name=SharedPreferencesImpl-load

E/dalvikvm(26757): threadid=13: exiting,name=SharedPreferencesImpl-load

E/dalvikvm(26757): threadid=13: created from interp,name=Thread-5935

E/DKApp   (26757): waitOrResumeDownload isWifi:1

E/dalvikvm(26757): threadid=13: calling run(),name=Thread-5935

W/dalvikvm(26757): Exception Ljava/lang/RuntimeException; thrown while initializing Lorg/codehaus/jackson/map/ext/CoreXMLDeserializers;

E/dalvikvm(26757): Could not find class 'org.joda.time.DateTime', referenced from method org.codehaus.jackson.map.ext.JodaDeserializers.provide

W/dalvikvm(26757): VFY: unable to resolve const-class 5124 (Lorg/joda/time/DateTime;) in Lorg/codehaus/jackson/map/ext/JodaDeserializers;

W/dalvikvm(26757): VFY: unable to find class referenced in signature (Lorg/joda/time/ReadableInstant;)

E/dalvikvm(26757): Could not find class 'org.joda.time.DateTime', referenced from method org.codehaus.jackson.map.ext.JodaDeserializers$DateTimeDeserializer.deserialize

W/dalvikvm(26757): VFY: unable to resolve new-instance 5124 (Lorg/joda/time/DateTime;) in Lorg/codehaus/jackson/map/ext/JodaDeserializers$DateTimeDeserializer;

E/dalvikvm(26757): Could not find class 'org.joda.time.DateTime', referenced from method org.codehaus.jackson.map.ext.JodaDeserializers$DateTimeDeserializer.deserialize

W/dalvikvm(26757): VFY: unable to resolve new-instance 5124 (Lorg/joda/time/DateTime;) in Lorg/codehaus/jackson/map/ext/JodaDeserializers$DateTimeDeserializer;

W/dalvikvm(26757): VFY: unable to resolve static method 40596: Lorg/joda/time/format/ISODateTimeFormat;.localDateOptionalTimeParser ()Lorg/joda/time/format/DateTimeFormatter;

W/dalvikvm(26757): VFY: unable to resolve virtual method 40591: Lorg/joda/time/format/DateTimeFormatter;.parseDateTime (Ljava/lang/String;)Lorg/joda/time/DateTime;

W/dalvikvm(26757): Exception Ljava/lang/NoClassDefFoundError; thrown while initializing Lorg/codehaus/jackson/map/ext/JodaDeserializers$JodaDeserializer;

W/dalvikvm(26757): VFY: unable to resolve static method 49513: Lorg/w3c/dom/bootstrap/DOMImplementationRegistry;.newInstance ()Lorg/w3c/dom/bootstrap/DOMImplementationRegistry;

W/dalvikvm(26757): Exception Ljava/lang/NoClassDefFoundError; thrown while initializing Lorg/codehaus/jackson/map/ext/CoreXMLSerializers;

E/dalvikvm(26757): Could not find class 'org.joda.time.DateTime', referenced from method org.codehaus.jackson.map.ext.JodaSerializers.<clinit>

W/dalvikvm(26757): VFY: unable to resolve const-class 5124 (Lorg/joda/time/DateTime;) in Lorg/codehaus/jackson/map/ext/JodaSerializers;

W/dalvikvm(26757): Exception Ljava/lang/NoClassDefFoundError; thrown while initializing Lorg/codehaus/jackson/map/ext/JodaSerializers;

D/LocalMediaInfo(26757): startAllLoaders

I/LocalMediaInfo(26757): total loaders: 1, running loaders: 0

E/dalvikvm(26757): threadid=14: created from interp,name=IntentService[MessageHandleThread]

E/dalvikvm(26757): threadid=14: calling run(),name=IntentService[MessageHandleThread]

I/lh      (26757): jobIntent is not null

D/com.miui.video.MiPushMessageReceiver(26757): onCommandResult: message = command={register}, resultCode={0}, reason={null}, category={null}, commandArguments={[d//igwEhgBGCI2TG6lWqlIeoXBjlhl7aWAAW1Evf/+lw6zor0U4SL3EgK4MRnh1DaJvEu00eT4xsDTeiwSSncCGu11FA3ndn2C/TwG3glRc=]}

D/ads-notify-fd5dfce4(26757): com.miui.video--->cahnel OK

D/ads-notify-fd5dfce4(26757): com.miui.video-->set alias: null thread: main

E/dalvikvm(26757): threadid=15: created from interp,name=SharedPreferencesImpl-load

E/dalvikvm(26757): threadid=15: calling run(),name=SharedPreferencesImpl-load

V/LockPatternKeyguardView(  525): Set visibility on com.android.internal.policy.impl.MiuiLockPatternKeyguardView$4@43b0c638 to 0

D/RootHolder(  525): init:com.android.internal.policy.impl.AwesomeLockScreen@43f59330

I/BatteryStatsImpl(  525): Start partial wakelock show keyguard(uid=1000, pid=525) nesting 1

I/BatteryStatsImpl(  525): Start partial wakelock AlarmManager(uid=1000, pid=525) nesting 2

I/BatteryStatsImpl(  525): Stop partial wakelock AlarmManager(uid=1000, pid=525) nesting 1

D/ads-notify-fd5dfce4(26757): com.miui.video--->set topic com.xiaomi.miui.pushads.sdk:MiuiVideo

I/NotifierManager(  525): acquireNotifier:TimeChanged  miui.maml.data.DateTimeVariableUpdater@426248c0

I/NotifierManager(  525): createNotifier:TimeChanged

I/NotifierManager(  525): onRegister: miui.maml.NotifierManager$MultiBroadcastNotifier@43c10248

I/NotifierManager(  525): acquireNotifier:android.intent.action.BATTERY_CHANGED  miui.maml.data.BatteryVariableUpdater@42d22d88

I/NotifierManager(  525): createNotifier:android.intent.action.BATTERY_CHANGED

I/NotifierManager(  525): onRegister: miui.maml.NotifierManager$BroadcastNotifier@439dccc8

I/NotifierManager(  525): acquireNotifier:android.media.VOLUME_CHANGED_ACTION  miui.maml.data.VolumeVariableUpdater@42d23090

I/NotifierManager(  525): createNotifier:android.media.VOLUME_CHANGED_ACTION

I/NotifierManager(  525): onRegister: miui.maml.NotifierManager$BroadcastNotifier@43b58f48

E/dalvikvm(26757): threadid=15: exiting,name=SharedPreferencesImpl-load

W/ApplicationContext(  525): Unable to create files directory files

I/NotifierManager(  525): onNotify: miui.maml.NotifierManager$BroadcastNotifier@439dccc8

E/dalvikvm(26757): threadid=14: exiting,name=IntentService[MessageHandleThread]

I/NotifierManager(  525): acquireNotifier:TimeChanged  miui.maml.elements.TimepanelScreenElement$1@428b81a8

I/NotifierManager(  525): acquireNotifier:android.intent.action.TIME_TICK  miui.maml.elements.TimepanelScreenElement$1@428b81a8

I/NotifierManager(  525): createNotifier:android.intent.action.TIME_TICK

I/NotifierManager(  525): onRegister: miui.maml.NotifierManager$BroadcastNotifier@44413ba8

E/dalvikvm(26757): threadid=14: created from interp,name=IntentService[MessageHandleThread]

E/dalvikvm(26757): threadid=14: calling run(),name=IntentService[MessageHandleThread]

I/lh      (26757): jobIntent is not null

I/RenderThread(  525): RenderThread resumed

I/RenderThread(  525): RenderThread paused, waiting for signal

D/RootHolder(  525): createView

D/AwesomeLockScreen(  525): onRefreshBatteryInfo: true true 53

D/AwesomeLockScreen(  525): onRefreshCarrierInfo(null, Airtel A.P.)

D/AwesomeLockScreen(  525): onPause

D/com.miui.video.MiPushMessageReceiver(26757): onCommandResult: message = command={set-alias}, resultCode={0}, reason={null}, category={null}, commandArguments={[com.xiaomi.miui.pushads.sdk38dd753b4175e94be6647abfc5bd9186]}

D/Process (  525): Begin--Starting VM process through Zygote processClass-->android.app.ActivityThread niceName-->com.google.android.gsf.login

E/dalvikvm(  179): threadid=2: exiting,name=ReferenceQueueDaemon

E/dalvikvm(  179): threadid=3: exiting,name=FinalizerDaemon

E/dalvikvm(  179): threadid=4: exiting,name=FinalizerWatchdogDaemon

E/dalvikvm(  179): native fork pid:26790 done.

E/dalvikvm(  179): threadid=2: created from interp,name=ReferenceQueueDaemon

E/dalvikvm(  179): threadid=2: calling run(),name=ReferenceQueueDaemon

E/dalvikvm(  179): threadid=3: created from interp,name=FinalizerDaemon

E/dalvikvm(  179): threadid=3: calling run(),name=FinalizerDaemon

E/dalvikvm(  179): threadid=4: created from interp,name=FinalizerWatchdogDaemon

E/dalvikvm(  179): threadid=4: calling run(),name=FinalizerWatchdogDaemon

D/Process (  525): End--Starting VM process through Zygote done.pid-->26790

E/dalvikvm(26790): native fork pid:0 done.

E/dalvikvm(26790): threadid=5: created from interp,name=ReferenceQueueDaemon

E/dalvikvm(26790): threadid=6: created from interp,name=FinalizerDaemon

E/dalvikvm(26790): threadid=5: calling run(),name=ReferenceQueueDaemon

E/dalvikvm(26790): threadid=6: calling run(),name=FinalizerDaemon

E/dalvikvm(26790): threadid=7: created from interp,name=FinalizerWatchdogDaemon

I/ActivityManager(  525): Start proc com.google.android.gsf.login for service com.google.android.gsf.login/com.google.android.gsf.loginservice.GoogleLoginService: pid=26790 uid=10012 gids={3003, 1015, 1028, 1007, 1006, 3002, 3001, 3007, 2001, 3006}

E/dalvikvm(26790): threadid=7: calling run(),name=FinalizerWatchdogDaemon

V/KeyguardViewManager(  525): KGVM: Set visibility on com.android.internal.policy.impl.AbstractKeyguardViewManager$KeyguardViewHost@42d87c10 to 6291456

E/dalvikvm(26757): threadid=15: created from interp,name=IntentService[MessageHandleThread]

E/dalvikvm(26757): threadid=15: calling run(),name=IntentService[MessageHandleThread]

I/lh      (26757): jobIntent is not null

E/dalvikvm(26757): threadid=14: exiting,name=IntentService[MessageHandleThread]

D/com.miui.video.MiPushMessageReceiver(26757): onCommandResult: message = command={subscribe-topic}, resultCode={0}, reason={null}, category={null}, commandArguments={[com.xiaomi.miui.pushads.sdk:MiuiVideo]}

D/ads-notify-fd5dfce4(26757): com.miui.video--->topic resultCode: 0 reason: null topic: com.xiaomi.miui.pushads.sdk:MiuiVideo

D/ActivityThread(26790): setTargetHeapUtilization:0.25

D/PhoneStatusBar(  777): disable: < expand icons alerts ticker system_info back home RECENT* clock >

D/ActivityThread(26790): setTargetHeapIdealFree:8388608

D/ActivityThread(26790): setTargetHeapConcurrentStart:2097152

E/dalvikvm(26757): threadid=15: exiting,name=IntentService[MessageHandleThread]

I/BatteryStatsImpl(  525): Stop partial wakelock show keyguard(uid=1000, pid=525) nesting 0

D/PhoneStatusBar(  777): disable: < expand icons alerts ticker system_info back home RECENT clock >

I/ContentProviderBinder(  525): query result count: 0 content://call_log/calls

I/ContentProviderBinder(  525): query result count: 0 content://sms/inbox

D/Process (  525): Begin--Starting VM process through Zygote processClass-->android.app.ActivityThread niceName-->com.miui.providers.datahub

I/ContentProviderBinder(  525): query result count: 0 content://call_log/calls

D/AwesomeLockScreen(  525): onWindowFocusChanged true

E/dalvikvm(  179): threadid=2: exiting,name=ReferenceQueueDaemon

V/PhoneStatusBar(  777): setLightsOn(true)

E/dalvikvm(  179): threadid=3: exiting,name=FinalizerDaemon

E/dalvikvm(  179): threadid=4: exiting,name=FinalizerWatchdogDaemon

E/dalvikvm(  179): native fork pid:26804 done.

E/dalvikvm(  179): threadid=2: created from interp,name=ReferenceQueueDaemon

E/dalvikvm(  179): threadid=2: calling run(),name=ReferenceQueueDaemon

E/dalvikvm(  179): threadid=3: created from interp,name=FinalizerDaemon

E/dalvikvm(  179): threadid=3: calling run(),name=FinalizerDaemon

E/dalvikvm(  179): threadid=4: created from interp,name=FinalizerWatchdogDaemon

E/dalvikvm(  179): threadid=4: calling run(),name=FinalizerWatchdogDaemon

D/Process (  525): End--Starting VM process through Zygote done.pid-->26804

E/dalvikvm(26804): native fork pid:0 done.

E/dalvikvm(26804): threadid=5: created from interp,name=ReferenceQueueDaemon

E/dalvikvm(26804): threadid=5: calling run(),name=ReferenceQueueDaemon

E/dalvikvm(26804): threadid=6: created from interp,name=FinalizerDaemon

E/dalvikvm(26804): threadid=6: calling run(),name=FinalizerDaemon

E/dalvikvm(26804): threadid=7: created from interp,name=FinalizerWatchdogDaemon

I/ActivityManager(  525): Start proc com.miui.providers.datahub for content provider com.miui.providers.datahub/.DataHubProvider: pid=26804 uid=10014 gids={3006, 1028}

E/dalvikvm(26804): threadid=7: calling run(),name=FinalizerWatchdogDaemon

D/MiAdvancedView(  525): canvas hardware render: true

D/ActivityThread(26804): setTargetHeapUtilization:0.25

D/ActivityThread(26804): setTargetHeapIdealFree:8388608

D/ActivityThread(26804): setTargetHeapConcurrentStart:2097152

I/ContentProviderBinder(  525): query result count: 0 content://sms/inbox

I/ActivityThread(26804): Pub datahub: com.miui.providers.datahub.DataHubProvider

E/dalvikvm(26790): threadid=10: created from interp,name=RefQueueWorker@org.apache.http.impl.conn.tsccm.ConnPoolByRoute@425962e8

I/DsService( 1034): DsService.onTrimMemory() level 15

E/dalvikvm(26790): threadid=10: calling run(),name=RefQueueWorker@org.apache.http.impl.conn.tsccm.ConnPoolByRoute@425962e8

I/ContentProviderBinder(  525): query result count: 0 content://com.android.contacts/data

I/ContentProviderBinder(  525): query result count: 0 content://com.android.contacts/data

E/dalvikvm(25569): threadid=31: exiting,name=JmDNS(connectsdk).State.Timer

E/dalvikvm(25569): threadid=18: exiting,name=SocketListener(connectsdk)

I/XiaomiFirewall( 5487): firewall pkgName:com.example.android.slidingtabsbasic, result:0

E/dalvikvm(25569): threadid=18: created from interp,name=SocketListener(connectsdk)

E/dalvikvm(25569): threadid=18: calling run(),name=SocketListener(connectsdk)

E/dalvikvm(25569): threadid=31: created from interp,name=JmDNS(connectsdk).Timer

E/dalvikvm(25569): threadid=31: calling run(),name=JmDNS(connectsdk).Timer

E/dalvikvm(25569): threadid=35: created from interp,name=JmDNS(connectsdk).State.Timer

E/dalvikvm(25569): threadid=35: calling run(),name=JmDNS(connectsdk).State.Timer

I/BatteryStatsImpl(  525): Start partial wakelock CastSocketMultiplexer(uid=10012, pid=25623) nesting 1

I/BatteryStatsImpl(  525): Start partial wakelock CastDeviceController(uid=10012, pid=25623) nesting 2

I/BatteryStatsImpl(  525): Stop partial wakelock CastDeviceController(uid=10012, pid=25623) nesting 1

I/BatteryStatsImpl(  525): Start partial wakelock CastDeviceController(uid=10012, pid=25623) nesting 2

I/BatteryStatsImpl(  525): Stop partial wakelock CastDeviceController(uid=10012, pid=25623) nesting 1

I/BatteryStatsImpl(  525): Stop partial wakelock CastSocketMultiplexer(uid=10012, pid=25623) nesting 0

E/dalvikvm(25623): threadid=14: created from interp,name=AsyncOperationService[CastDeviceScannerIntentService]

E/dalvikvm(25623): threadid=14: calling run(),name=AsyncOperationService[CastDeviceScannerIntentService]

E/dalvikvm(25623): threadid=14: exiting,name=AsyncOperationService[CastDeviceScannerIntentService]

E/dalvikvm(25569): threadid=31: exiting,name=JmDNS(connectsdk).Timer

E/dalvikvm(25569): threadid=31: created from interp,name=Timer-67

E/dalvikvm(25569): threadid=31: calling run(),name=Timer-67

E/dalvikvm(25569): threadid=36: created from interp,name=Timer-68

E/dalvikvm(25569): threadid=36: calling run(),name=Timer-68

E/dalvikvm(25569): threadid=37: created from interp,name=Timer-69

E/dalvikvm(25569): threadid=37: calling run(),name=Timer-69

E/dalvikvm(25569): threadid=38: created from interp,name=Timer-70

E/dalvikvm(25569): threadid=38: calling run(),name=Timer-70

E/dalvikvm(25623): threadid=14: created from interp,name=AsyncOperationService[CastDeviceScannerIntentService]

E/dalvikvm(25623): threadid=14: calling run(),name=AsyncOperationService[CastDeviceScannerIntentService]

E/dalvikvm(25623): threadid=14: exiting,name=AsyncOperationService[CastDeviceScannerIntentService]

I/BatteryStatsImpl(  525): Start partial wakelock CastSocketMultiplexer(uid=10012, pid=25623) nesting 1

I/BatteryStatsImpl(  525): Start partial wakelock CastDeviceController(uid=10012, pid=25623) nesting 2

I/BatteryStatsImpl(  525): Stop partial wakelock CastDeviceController(uid=10012, pid=25623) nesting 1

I/BatteryStatsImpl(  525): Start partial wakelock CastDeviceController(uid=10012, pid=25623) nesting 2

I/BatteryStatsImpl(  525): Stop partial wakelock CastDeviceController(uid=10012, pid=25623) nesting 1

I/BatteryStatsImpl(  525): Stop partial wakelock CastSocketMultiplexer(uid=10012, pid=25623) nesting 0

E/dalvikvm(25569): threadid=35: exiting,name=JmDNS(connectsdk).State.Timer

E/dalvikvm(25569): threadid=18: exiting,name=SocketListener(connectsdk)

I/XiaomiFirewall( 5487): firewall pkgName:com.example.android.slidingtabsbasic, result:0

E/dalvikvm(25569): threadid=18: created from interp,name=SocketListener(connectsdk)

E/dalvikvm(25569): threadid=18: calling run(),name=SocketListener(connectsdk)

D/dalvikvm(25569): GC_CONCURRENT freed 4053K, 39% free 11413K/18499K, paused 18ms+3ms, total 100ms

E/dalvikvm(25569): threadid=20: exiting,name=Timer-55

E/dalvikvm(25569): threadid=19: exiting,name=Timer-56

E/dalvikvm(25569): threadid=22: exiting,name=Timer-57

E/dalvikvm(25569): threadid=23: exiting,name=Timer-58

E/dalvikvm(25569): threadid=24: exiting,name=Timer-59

E/dalvikvm(25569): threadid=27: exiting,name=Timer-60

E/dalvikvm(25569): threadid=28: exiting,name=Timer-61

E/dalvikvm(25569): threadid=29: exiting,name=Timer-62

E/dalvikvm(25569): threadid=26: exiting,name=Timer-63

E/dalvikvm(25569): threadid=32: exiting,name=Timer-64

E/dalvikvm(25569): threadid=33: exiting,name=Timer-65

E/dalvikvm(25569): threadid=34: exiting,name=Timer-66

E/dalvikvm(25569): threadid=31: exiting,name=Timer-67

E/dalvikvm(25569): threadid=36: exiting,name=Timer-68

E/dalvikvm(25569): threadid=37: exiting,name=Timer-69

E/dalvikvm(25569): threadid=38: exiting,name=Timer-70

E/dalvikvm(25569): threadid=19: created from interp,name=JmDNS(connectsdk).Timer

E/dalvikvm(25569): threadid=19: calling run(),name=JmDNS(connectsdk).Timer

E/dalvikvm(25569): threadid=20: created from interp,name=JmDNS(connectsdk).State.Timer

E/dalvikvm(25569): threadid=20: calling run(),name=JmDNS(connectsdk).State.Timer

E/dalvikvm(25623): threadid=14: created from interp,name=AsyncOperationService[CastDeviceScannerIntentService]

E/dalvikvm(25623): threadid=14: calling run(),name=AsyncOperationService[CastDeviceScannerIntentService]

I/BatteryStatsImpl(  525): Start partial wakelock CastSocketMultiplexer(uid=10012, pid=25623) nesting 1

I/BatteryStatsImpl(  525): Start partial wakelock CastDeviceController(uid=10012, pid=25623) nesting 2

I/BatteryStatsImpl(  525): Stop partial wakelock CastDeviceController(uid=10012, pid=25623) nesting 1

E/dalvikvm(25623): threadid=14: exiting,name=AsyncOperationService[CastDeviceScannerIntentService]

E/dalvikvm(25569): threadid=19: exiting,name=JmDNS(connectsdk).Timer

E/dalvikvm(25569): threadid=19: created from interp,name=Timer-71

E/dalvikvm(25569): threadid=19: calling run(),name=Timer-71

E/dalvikvm(25569): threadid=22: created from interp,name=Timer-72

E/dalvikvm(25569): threadid=22: calling run(),name=Timer-72

E/dalvikvm(25569): threadid=23: created from interp,name=Timer-73

E/dalvikvm(25569): threadid=23: calling run(),name=Timer-73

E/dalvikvm(25569): threadid=24: created from interp,name=Timer-74

E/dalvikvm(25569): threadid=24: calling run(),name=Timer-74

I/BatteryStatsImpl(  525): Stop partial wakelock CastSocketMultiplexer(uid=10012, pid=25623) nesting 0

E/dalvikvm(25623): threadid=14: created from interp,name=AsyncOperationService[CastDeviceScannerIntentService]

E/dalvikvm(25623): threadid=14: calling run(),name=AsyncOperationService[CastDeviceScannerIntentService]

E/dalvikvm(25623): threadid=14: exiting,name=AsyncOperationService[CastDeviceScannerIntentService]

I/BatteryStatsImpl(  525): Start partial wakelock CastSocketMultiplexer(uid=10012, pid=25623) nesting 1

I/BatteryStatsImpl(  525): Start partial wakelock CastDeviceController(uid=10012, pid=25623) nesting 2

I/BatteryStatsImpl(  525): Stop partial wakelock CastDeviceController(uid=10012, pid=25623) nesting 1

E/dalvikvm(25569): threadid=20: exiting,name=JmDNS(connectsdk).State.Timer

E/dalvikvm(25569): threadid=18: exiting,name=SocketListener(connectsdk)

I/BatteryStatsImpl(  525): Stop partial wakelock CastSocketMultiplexer(uid=10012, pid=25623) nesting 0

I/XiaomiFirewall( 5487): firewall pkgName:com.example.android.slidingtabsbasic, result:0

E/dalvikvm(25569): threadid=18: created from interp,name=SocketListener(connectsdk)

E/dalvikvm(25569): threadid=18: calling run(),name=SocketListener(connectsdk)

E/dalvikvm(25569): threadid=20: created from interp,name=JmDNS(connectsdk).Timer

E/dalvikvm(25569): threadid=20: calling run(),name=JmDNS(connectsdk).Timer

E/dalvikvm(25569): threadid=26: created from interp,name=JmDNS(connectsdk).State.Timer

E/dalvikvm(25569): threadid=26: calling run(),name=JmDNS(connectsdk).State.Timer

E/dalvikvm(25623): threadid=14: created from interp,name=AsyncOperationService[CastDeviceScannerIntentService]

E/dalvikvm(25623): threadid=14: calling run(),name=AsyncOperationService[CastDeviceScannerIntentService]

