E/dalvikvm(25569): threadid=18: created from interp,name=SocketListener(connectsdk)

E/dalvikvm(25569): threadid=18: calling run(),name=SocketListener(connectsdk)

E/dalvikvm(25569): threadid=20: exiting,name=Timer-39

E/dalvikvm(25569): threadid=26: exiting,name=Timer-40

E/dalvikvm(25569): threadid=27: exiting,name=Timer-41

E/dalvikvm(25569): threadid=28: exiting,name=Timer-42

D/dalvikvm(25569): GC_CONCURRENT freed 4356K, 38% free 11528K/18499K, paused 13ms+21ms, total 86ms

E/dalvikvm(25569): threadid=19: exiting,name=Timer-35

E/dalvikvm(25569): threadid=21: exiting,name=Timer-36

E/dalvikvm(25569): threadid=22: exiting,name=Timer-37

E/dalvikvm(25569): threadid=23: exiting,name=Timer-38

E/dalvikvm(25569): threadid=24: exiting,name=Timer-43

E/dalvikvm(25569): threadid=19: created from interp,name=JmDNS(connectsdk).Timer

E/dalvikvm(25569): threadid=31: exiting,name=Timer-44

E/dalvikvm(25569): threadid=32: exiting,name=Timer-45

E/dalvikvm(25569): threadid=19: calling run(),name=JmDNS(connectsdk).Timer

E/dalvikvm(25569): threadid=33: exiting,name=Timer-46

E/dalvikvm(25569): threadid=20: created from interp,name=JmDNS(connectsdk).State.Timer

E/dalvikvm(25569): threadid=29: exiting,name=Timer-47

E/dalvikvm(25569): threadid=35: exiting,name=Timer-48

E/dalvikvm(25569): threadid=36: exiting,name=Timer-49

E/dalvikvm(25569): threadid=37: exiting,name=Timer-50

E/dalvikvm(25569): threadid=20: calling run(),name=JmDNS(connectsdk).State.Timer

D/My Message(25569): showDeviceSelectDialog

I/CastService(25623): [instance-2] Google Play Services client: 6587000, Google Play Services APK: 7573000

E/dalvikvm(25663): threadid=24: created from interp,name=AsyncOperationService[ClearcutLoggerIntentService]

E/dalvikvm(25663): threadid=24: calling run(),name=AsyncOperationService[ClearcutLoggerIntentService]

W/InputMethodManagerService(  525): Window already focused, ignoring focus gain of: com.android.internal.view.IInputMethodClient$Stub$Proxy@42c8f4a8 attribute=null

I/XiaomiFirewall( 5487): firewall pkgName:com.google.android.gms, result:0

I/BatteryStatsImpl(  525): Start partial wakelock CastSocketMultiplexer(uid=10012, pid=25623) nesting 2

I/BatteryStatsImpl(  525): Start partial wakelock CastDeviceController(uid=10012, pid=25623) nesting 3

E/dalvikvm(25623): threadid=14: created from interp,name=Thread-5995

D/Connect SDK(25569): ConnectionCallbacks.onConnected, wasWaitingForReconnect: false

E/dalvikvm(25623): threadid=14: calling run(),name=Thread-5995

E/dalvikvm(25623): threadid=14: exiting,name=Thread-5995

E/dalvikvm(25569): threadid=21: created from interp,name=2nd Screen BG

E/dalvikvm(25569): threadid=21: calling run(),name=2nd Screen BG

I/BatteryStatsImpl(  525): Stop partial wakelock CastDeviceController(uid=10012, pid=25623) nesting 2

I/BatteryStatsImpl(  525): Start partial wakelock CastDeviceController(uid=10012, pid=25623) nesting 3

I/BatteryStatsImpl(  525): Stop partial wakelock CastDeviceController(uid=10012, pid=25623) nesting 2

E/dalvikvm(25663): threadid=24: exiting,name=AsyncOperationService[ClearcutLoggerIntentService]

D/WifiStateMachine(  525): ConnectedState{ what=131155 when=-1ms arg1=536 }

D/WifiStateMachine(  525): L2ConnectedState{ what=131155 when=-2ms arg1=536 }

D/wpa_supplicant(24911): wpa_s 0x40828ed0 cmd SIGNAL_POLL

D/wpa_supplicant(24911): nl80211: survey data missing!

E/dalvikvm(25663): threadid=24: created from interp,name=AsyncOperationService[ClearcutLoggerIntentService]

E/dalvikvm(25663): threadid=24: calling run(),name=AsyncOperationService[ClearcutLoggerIntentService]

I/BatteryStatsImpl(  525): Start partial wakelock CastDeviceController(uid=10012, pid=25623) nesting 3

I/BatteryStatsImpl(  525): Stop partial wakelock CastDeviceController(uid=10012, pid=25623) nesting 2

D/dalvikvm(  525): GC_CONCURRENT freed 6420K, 42% free 37979K/64775K, paused 11ms+17ms, total 209ms

W/SignalStrength(  951): Signal before validate=SignalStrength: 11 0 -1 -1 -1 -1 -1 99 2147483647 2147483647 2147483647 2147483647 2147483647 cdma

W/SignalStrength(  951): Signal after validate=SignalStrength: 11 0 -120 -160 -120 -1 -1 99 2147483647 2147483647 2147483647 2147483647 2147483647 cdma

D/StatusBar.NetworkController(  777): updateTelephonySignalStrength: mSignalStrength == 11(GSM) 99(CDMA) 255(LTE)

E/dalvikvm(25663): threadid=24: exiting,name=AsyncOperationService[ClearcutLoggerIntentService]

I/BatteryStatsImpl(  525): Stop partial wakelock CastSocketMultiplexer(uid=10012, pid=25623) nesting 1

I/BatteryStatsImpl(  525): Start partial wakelock CastSocketMultiplexer(uid=10012, pid=25623) nesting 2

I/BatteryStatsImpl(  525): Start partial wakelock CastDeviceController(uid=10012, pid=25623) nesting 3

I/BatteryStatsImpl(  525): Stop partial wakelock CastDeviceController(uid=10012, pid=25623) nesting 2

E/dalvikvm(25623): threadid=14: created from interp,name=AsyncOperationService[CastDeviceScannerIntentService]

E/dalvikvm(25623): threadid=14: calling run(),name=AsyncOperationService[CastDeviceScannerIntentService]

E/dalvikvm(25623): threadid=15: exiting,name=Thread-5992

E/dalvikvm(25623): threadid=16: exiting,name=Thread-5993

E/dalvikvm(25623): threadid=20: exiting,name=Thread-5994

E/dalvikvm(25623): threadid=14: exiting,name=AsyncOperationService[CastDeviceScannerIntentService]

E/dalvikvm(25569): threadid=19: exiting,name=JmDNS(connectsdk).Timer

I/BatteryStatsImpl(  525): Stop partial wakelock CastSocketMultiplexer(uid=10012, pid=25623) nesting 1

I/DsService( 1034): DsService.onTrimMemory() level 15

E/dalvikvm(25569): threadid=19: created from interp,name=Timer-51

E/dalvikvm(25569): threadid=19: calling run(),name=Timer-51

E/dalvikvm(25569): threadid=22: created from interp,name=Timer-52

E/dalvikvm(25569): threadid=22: calling run(),name=Timer-52

E/dalvikvm(25569): threadid=23: created from interp,name=Timer-53

E/dalvikvm(25569): threadid=23: calling run(),name=Timer-53

E/dalvikvm(25569): threadid=24: created from interp,name=Timer-54

E/dalvikvm(25569): threadid=24: calling run(),name=Timer-54

D/WifiStateMachine(  525): ConnectedState{ what=131155 when=-1ms arg1=536 }

D/WifiStateMachine(  525): L2ConnectedState{ what=131155 when=-9ms arg1=536 }

D/wpa_supplicant(24911): wpa_s 0x40828ed0 cmd SIGNAL_POLL

D/wpa_supplicant(24911): nl80211: survey data missing!

E/dalvikvm(25623): threadid=14: created from interp,name=AsyncOperationService[CastDeviceScannerIntentService]

E/dalvikvm(25623): threadid=14: calling run(),name=AsyncOperationService[CastDeviceScannerIntentService]

I/XiaomiFirewall( 5487): firewall pkgName:com.google.android.gms, result:0

E/dalvikvm(25623): threadid=15: created from interp,name=Thread-5998

E/dalvikvm(25623): threadid=15: calling run(),name=Thread-5998

E/dalvikvm(25623): threadid=16: created from interp,name=Thread-5999

E/dalvikvm(25623): threadid=16: calling run(),name=Thread-5999

E/dalvikvm(25569): threadid=18: exiting,name=SocketListener(connectsdk)

E/dalvikvm(25623): threadid=20: created from interp,name=Thread-6000

E/dalvikvm(25623): threadid=15: exiting,name=Thread-5998

E/dalvikvm(25623): threadid=16: exiting,name=Thread-5999

E/dalvikvm(25623): threadid=20: calling run(),name=Thread-6000

E/dalvikvm(25623): threadid=20: exiting,name=Thread-6000

I/BatteryStatsImpl(  525): Start partial wakelock AlarmManager(uid=10012, pid=525) nesting 2

E/dalvikvm(25623): threadid=15: created from interp,name=Thread-6001

E/dalvikvm(25623): threadid=15: calling run(),name=Thread-6001

I/BatteryStatsImpl(  525): Start partial wakelock GCoreFlp(uid=10012, pid=25735) nesting 3

I/BatteryStatsImpl(  525): Stop partial wakelock GCoreFlp(uid=10012, pid=25735) nesting 2

E/dalvikvm(25623): threadid=16: created from interp,name=Thread-6002

E/dalvikvm(25623): threadid=16: calling run(),name=Thread-6002

E/dalvikvm(25623): threadid=20: created from interp,name=Thread-6003

E/dalvikvm(25623): threadid=20: calling run(),name=Thread-6003

I/BatteryStatsImpl(  525): Stop partial wakelock AlarmManager(uid=10012, pid=525) nesting 1

I/BatteryStatsImpl(  525): Start partial wakelock UlrDispatchingService(uid=10012, pid=25735) nesting 2

D/dalvikvm(  525): WAIT_FOR_CONCURRENT_GC blocked 0ms

D/dalvikvm(  525): GC_EXPLICIT freed 983K, 43% free 37398K/64775K, paused 4ms+9ms, total 141ms

I/BatteryStatsImpl(  525): Stop partial wakelock UlrDispatchingService(uid=10012, pid=25735) nesting 1

E/dalvikvm(25663): threadid=24: created from interp,name=AsyncOperationService[ClearcutLoggerIntentService]

E/dalvikvm(25663): threadid=24: calling run(),name=AsyncOperationService[ClearcutLoggerIntentService]

I/BatteryStatsImpl(  525): Start partial wakelock AlarmManager(uid=10066, pid=525) nesting 2

E/dalvikvm(25623): threadid=14: exiting,name=AsyncOperationService[CastDeviceScannerIntentService]

W/PushService( 1107): 2015-06-10 12:36:38,300 - [WARN::PushService] - [Thread:1] Service called on timer

I/BatteryStatsImpl(  525): Stop partial wakelock AlarmManager(uid=10066, pid=525) nesting 1

E/dalvikvm(25663): threadid=24: exiting,name=AsyncOperationService[ClearcutLoggerIntentService]

D/Process (  525): Begin--Starting VM process through Zygote processClass-->android.app.ActivityThread niceName-->com.android.mms

E/dalvikvm(  179): threadid=2: exiting,name=ReferenceQueueDaemon

E/dalvikvm(  179): threadid=3: exiting,name=FinalizerDaemon

E/dalvikvm(  179): threadid=4: exiting,name=FinalizerWatchdogDaemon

E/dalvikvm(  179): native fork pid:26394 done.

E/dalvikvm(26394): native fork pid:0 done.

E/dalvikvm(  179): threadid=2: created from interp,name=ReferenceQueueDaemon

E/dalvikvm(  179): threadid=2: calling run(),name=ReferenceQueueDaemon

E/dalvikvm(26394): threadid=5: created from interp,name=ReferenceQueueDaemon

E/dalvikvm(26394): threadid=5: calling run(),name=ReferenceQueueDaemon

E/dalvikvm(26394): threadid=6: created from interp,name=FinalizerDaemon

E/dalvikvm(26394): threadid=6: calling run(),name=FinalizerDaemon

E/dalvikvm(26394): threadid=7: created from interp,name=FinalizerWatchdogDaemon

E/dalvikvm(  179): threadid=3: created from interp,name=FinalizerDaemon

E/dalvikvm(  179): threadid=3: calling run(),name=FinalizerDaemon

E/dalvikvm(  179): threadid=4: created from interp,name=FinalizerWatchdogDaemon

D/dalvikvm(  179): WAIT_FOR_CONCURRENT_GC blocked 0ms

E/dalvikvm(  179): threadid=4: calling run(),name=FinalizerWatchdogDaemon

D/Process (  525): End--Starting VM process through Zygote done.pid-->26394

I/ActivityManager(  525): Start proc com.android.mms for service com.android.mms/.transaction.SmsReportService: pid=26394 uid=10042 gids={3003, 1015, 1006, 1007, 1028}

D/dalvikvm(  179): GC_EXPLICIT freed 39K, 48% free 9622K/18499K, paused 2ms+2ms, total 26ms

D/dalvikvm(  179): WAIT_FOR_CONCURRENT_GC blocked 0ms

E/dalvikvm(26394): threadid=7: calling run(),name=FinalizerWatchdogDaemon

D/dalvikvm(  179): GC_EXPLICIT freed <1K, 48% free 9622K/18499K, paused 3ms+1ms, total 24ms

D/dalvikvm(  179): WAIT_FOR_CONCURRENT_GC blocked 0ms

D/dalvikvm(  179): GC_EXPLICIT freed <1K, 48% free 9622K/18499K, paused 1ms+2ms, total 17ms

D/ActivityThread(26394): setTargetHeapUtilization:0.25

D/ActivityThread(26394): setTargetHeapIdealFree:8388608

D/ActivityThread(26394): setTargetHeapConcurrentStart:2097152

I/ActivityThread(26394): Pub mms_temp_file: com.android.mms.TempFileProvider

I/ActivityThread(26394): Pub com.android.mms.SuggestionsProvider: com.android.mms.SuggestionsProvider

I/ActivityThread(26394): Pub com.android.mms.providers.NetworkFileProvider: com.android.mms.providers.NetworkFileProvider

E/dalvikvm(26394): threadid=10: created from interp,name=FileObserver

E/dalvikvm(26394): threadid=10: calling run(),name=FileObserver

E/dalvikvm(26394): threadid=11: created from interp,name=SharedPreferencesImpl-load

E/dalvikvm(26394): threadid=11: calling run(),name=SharedPreferencesImpl-load

E/dalvikvm(26394): threadid=11: exiting,name=SharedPreferencesImpl-load

I/Microlog.PropertyConfiguration(26394): Configure using the simple style (aka classic style)

I/Microlog.PropertyConfiguration(26394): Root level: DEBUG

I/Microlog.PropertyConfiguration(26394): Adding appender com.google.code.microlog4android.appender.FileAppender

I/Microlog.PropertyConfiguration(26394): Adding appender com.google.code.microlog4android.appender.LogCatAppender

E/dalvikvm(26394): threadid=11: created from interp,name=SingleContactLoader

E/dalvikvm(26394): threadid=11: calling run(),name=SingleContactLoader

E/dalvikvm(26394): threadid=12: created from interp,name=Thread-5918

E/dalvikvm(26394): threadid=12: calling run(),name=Thread-5918

E/dalvikvm(26394): threadid=13: created from interp,name=SharedPreferencesImpl-load

E/dalvikvm(26394): threadid=13: calling run(),name=SharedPreferencesImpl-load

V/MmsSmsProvider(  951): Start query content://mms-sms/draft with selection null

V/MmsSmsProvider(  951): Query content://mms-sms/draft with selection null returns 0 results

E/dalvikvm(26394): threadid=13: exiting,name=SharedPreferencesImpl-load

E/dalvikvm(26394): threadid=12: exiting,name=Thread-5918

E/dalvikvm(26394): threadid=12: created from interp,name=AsyncTask #1

E/dalvikvm(26394): threadid=12: calling run(),name=AsyncTask #1

I/MiuiTelephonyManager(26394): use standard telephony manager

E/dalvikvm(26394): threadid=13: created from interp,name=Thread-5921

E/dalvikvm(26394): threadid=13: calling run(),name=Thread-5921

E/dalvikvm(26394): threadid=14: created from interp,name=Thread-5922

E/dalvikvm(26394): threadid=14: calling run(),name=Thread-5922

D/Process (  525): Begin--Starting VM process through Zygote processClass-->android.app.ActivityThread niceName-->com.svox.pico

E/dalvikvm(  179): threadid=2: exiting,name=ReferenceQueueDaemon

E/dalvikvm(  179): threadid=3: exiting,name=FinalizerDaemon

V/MmsSmsProvider(  951): Start query content://mms-sms/conversations?hms=true with selection mx_seq IS NOT NULL

E/dalvikvm(  179): threadid=4: exiting,name=FinalizerWatchdogDaemon

V/MmsSmsProvider(  951): Query content://mms-sms/conversations?hms=true with selection mx_seq IS NOT NULL returns 0 results

E/dalvikvm(  179): native fork pid:26425 done.

E/dalvikvm(  179): threadid=2: created from interp,name=ReferenceQueueDaemon

E/dalvikvm(  179): threadid=2: calling run(),name=ReferenceQueueDaemon

E/dalvikvm(  179): threadid=3: created from interp,name=FinalizerDaemon

E/dalvikvm(  179): threadid=3: calling run(),name=FinalizerDaemon

E/dalvikvm(  179): threadid=4: created from interp,name=FinalizerWatchdogDaemon

E/dalvikvm(  179): threadid=4: calling run(),name=FinalizerWatchdogDaemon

D/Process (  525): End--Starting VM process through Zygote done.pid-->26425

I/ActivityManager(  525): Start proc com.svox.pico for service com.svox.pico/.PicoService: pid=26425 uid=10051 gids={1015, 1028}

I/TextToSpeech(26394): Sucessfully bound to com.svox.pico

E/dalvikvm(26425): native fork pid:0 done.

E/dalvikvm(26425): threadid=5: created from interp,name=ReferenceQueueDaemon

E/dalvikvm(26425): threadid=5: calling run(),name=ReferenceQueueDaemon

E/dalvikvm(26425): threadid=6: created from interp,name=FinalizerDaemon

E/dalvikvm(26425): threadid=6: calling run(),name=FinalizerDaemon

E/dalvikvm(26425): threadid=7: created from interp,name=FinalizerWatchdogDaemon

E/dalvikvm(26425): threadid=7: calling run(),name=FinalizerWatchdogDaemon

I/MiuiSimManager(26394): use standard sim manager

D/Mms     (26394): [1] MmsSystemEventReceiver.java(201): MMS connectivity becomes available

D/CloudManager(26394): onServiceConnected, component:ComponentInfo{com.xiaomi.xmsf/com.xiaomi.xmsf.account.ActivateService}

D/CloudManager(26394): service unbinded

V/Mms     (26394): [5920] ActivateStatusReceiver.java(80): Updating activate info for 0 inserted=true status=2

E/dalvikvm(26394): threadid=13: exiting,name=Thread-5921

V/MmsSmsProvider(  951): Start query content://mms-sms/canonical-addresses with selection _id IN ()

V/MmsSmsProvider(  951): Query content://mms-sms/canonical-addresses with selection _id IN () returns 0 results

E/dalvikvm(26394): threadid=14: exiting,name=Thread-5922

D/ActivityThread(26425): setTargetHeapUtilization:0.25

D/ActivityThread(26425): setTargetHeapIdealFree:8388608

D/ActivityThread(26425): setTargetHeapConcurrentStart:2097152

I/ActivityThread(26425): Pub com.svox.pico.providers.SettingsProvider: com.svox.pico.providers.SettingsProvider

E/dalvikvm(26425): threadid=10: created from interp,name=SynthThread

E/dalvikvm(26425): threadid=10: calling run(),name=SynthThread

E/dalvikvm(26425): threadid=11: created from interp,name=TTS.AudioPlaybackThread

E/dalvikvm(26425): threadid=11: calling run(),name=TTS.AudioPlaybackThread

V/SynthProxy(26425): About to load /system/lib/libttspico.so, applyFilter=true

I/TextToSpeech(26394): Connected to ComponentInfo{com.svox.pico/com.svox.pico.PicoService}

E/dalvikvm(26394): threadid=13: created from interp,name=PackageProcessor

E/dalvikvm(26394): threadid=13: calling run(),name=PackageProcessor

I/System.out(26394): Precision specifier for %c is 1

D/Microlog(26394): 3 Mms [DEBUG] 06-10 12:36:39 PM SmsReportService, Language is not available. 

I/Microlog.FileAppender(26394): Closing the FileAppender

D/WifiStateMachine(  525): ConnectedState{ what=131155 when=-3ms arg1=536 }

D/WifiStateMachine(  525): L2ConnectedState{ what=131155 when=-4ms arg1=536 }

D/wpa_supplicant(24911): wpa_s 0x40828ed0 cmd SIGNAL_POLL

D/wpa_supplicant(24911): nl80211: survey data missing!

I/BatteryStatsImpl(  525): Start partial wakelock CastSocketMultiplexer(uid=10012, pid=25623) nesting 2

I/BatteryStatsImpl(  525): Start partial wakelock CastDeviceController(uid=10012, pid=25623) nesting 3

I/BatteryStatsImpl(  525): Stop partial wakelock CastDeviceController(uid=10012, pid=25623) nesting 2

I/BatteryStatsImpl(  525): Stop partial wakelock CastSocketMultiplexer(uid=10012, pid=25623) nesting 1

E/dalvikvm(25569): threadid=20: exiting,name=JmDNS(connectsdk).State.Timer

I/XiaomiFirewall( 5487): firewall pkgName:com.example.android.slidingtabsbasic, result:0

E/dalvikvm(25569): threadid=18: created from interp,name=SocketListener(connectsdk)

E/dalvikvm(25569): threadid=18: calling run(),name=SocketListener(connectsdk)

E/dalvikvm(25569): threadid=20: created from interp,name=JmDNS(connectsdk).Timer

E/dalvikvm(25569): threadid=20: calling run(),name=JmDNS(connectsdk).Timer

E/dalvikvm(25569): threadid=26: created from interp,name=JmDNS(connectsdk).State.Timer

E/dalvikvm(25569): threadid=26: calling run(),name=JmDNS(connectsdk).State.Timer

E/dalvikvm(26394): threadid=14: created from interp,name=Thread-5924

E/dalvikvm(26394): threadid=14: calling run(),name=Thread-5924

V/MmsSmsProvider(  951): Start query content://mms-sms/conversations?simple=true&privacy_flag=2 with selection null

V/MmsSmsProvider(  951): Query content://mms-sms/conversations?simple=true&privacy_flag=2 with selection null returns 109 results

D/Mms     (26394): [1] SmsMessageSender.java(258): 重发SmsReceiverService.ACTION_SEND_MESSAGE

V/MmsSmsProvider(  951): Start query content://mms-sms/expired/1433919999499?privacy_flag=1 with selection null

V/MmsSmsProvider(  951): Query content://mms-sms/expired/1433919999499?privacy_flag=1 with selection null returns 0 results

V/MmsSmsProvider(  951): Start query content://mms-sms/expired/1433919999499?privacy_flag=0 with selection null

V/MmsSmsProvider(  951): Query content://mms-sms/expired/1433919999499?privacy_flag=0 with selection null returns 0 results

D/Mms     (26394): [5924] RecipientIdCache.java(67): [RecipientIdCache] fill: begin

V/ExtraTelephonyManager(26394): phone type: 1

V/MmsSmsProvider(  951): Start query content://mms-sms/canonical-addresses with selection null

V/MmsSmsProvider(  951): Query content://mms-sms/canonical-addresses with selection null returns 112 results

D/Mms     (26394): [1] TransactionService.java(185): Creating TransactionService...

V/MakeMmsPreviewService(  951): Got 0 messages to process

E/dalvikvm(26394): threadid=15: created from interp,name=TransactionService

E/dalvikvm(26394): threadid=15: calling run(),name=TransactionService

V/Mms     (26394): [1] TransactionService.java(964): register Phone Call Listener.

D/Mms     (26394): [1] TransactionService.java(249): onStartService: startId=1

V/Mms     (26394): [1] TransactionService.java(271): Posting enqueueAllMessages

I/BatteryStatsImpl(  525): Start partial wakelock StartingAlertService(uid=10042, pid=26394) nesting 2

E/dalvikvm(26394): threadid=16: created from interp,name=DrmManagerClient.InfoHandler

E/dalvikvm(26394): threadid=16: calling run(),name=DrmManagerClient.InfoHandler

E/dalvikvm(26394): threadid=17: created from interp,name=DrmManagerClient.EventHandler

E/dalvikvm(26394): threadid=17: calling run(),name=DrmManagerClient.EventHandler

V/MakeMmsPreviewService(  951): Processing messages.

V/MmsSmsProvider(  951): Start query content://mms-sms/pending?protocol=mms with selection err_type < ? AND due_time <= ?

E/dalvikvm(26394): threadid=18: created from interp,name=IntentService[MxActivateService]

E/dalvikvm(26394): threadid=18: calling run(),name=IntentService[MxActivateService]

V/MmsSmsProvider(  951): Query content://mms-sms/pending?protocol=mms with selection err_type < ? AND due_time <= ? returns 0 results

E/dalvikvm(26394): threadid=19: created from interp,name=Thread-5929

E/dalvikvm(26394): threadid=19: calling run(),name=Thread-5929

V/Mms     (26394): [5925] TransactionService.java(520): enqueueAllMessages: Pending transaction count=0

V/Mms     (26394): [5925] TransactionService.java(525): enqueueAllMessages: No pending transaction. Stopping service.

V/Mms     (26394): [5925] TransactionService.java(388): endMmsConnectivity

I/XIAOMIANALYTICS(26394): start session(com.android.mms)

E/dalvikvm(26394): threadid=20: created from interp,name=IntentService[MxMessageTrackService]

D/Mms     (26394): [5925] TransactionService.java(532): TrasctionService stopped.

E/dalvikvm(26394): threadid=21: created from interp,name=SharedPreferencesImpl-load

E/dalvikvm(26394): threadid=21: calling run(),name=SharedPreferencesImpl-load

E/dalvikvm(26394): threadid=20: calling run(),name=IntentService[MxMessageTrackService]

V/Mms     (26394): [5925] TransactionService.java(941): get new state:0,mEnableCallbackIdle:false

E/dalvikvm(26394): threadid=22: created from interp,name=SmsReceiverService

E/dalvikvm(26394): threadid=22: calling run(),name=SmsReceiverService

V/SmsReceiverService(26394): onStart: #1 mResultCode: -1 = Activity.RESULT_OK

D/Mms     (26394): [1] TransactionService.java(218): Destroying TransactionService

E/dalvikvm(26394): threadid=15: exiting,name=TransactionService

V/ExtraTelephonyManager(26394): phone type: 1

E/dalvikvm(26394): threadid=21: exiting,name=SharedPreferencesImpl-load

V/Mms     (26394): [1] TransactionService.java(225): Requested killing handler thread.

D/MxActivateService(26394): cached Mx status info found

V/Mms     (26394): [1] TransactionService.java(973): unregister Phone Call Listener.

D/dalvikvm(  951): WAIT_FOR_CONCURRENT_GC blocked 0ms

E/dalvikvm(26394): threadid=22: exiting,name=SmsReceiverService

I/BatteryStatsImpl(  525): Stop partial wakelock StartingAlertService(uid=10042, pid=26394) nesting 1

E/dalvikvm( 1107): threadid=22: created from interp,name=IntentService[XMPushService Bridge]

E/dalvikvm( 1107): threadid=22: calling run(),name=IntentService[XMPushService Bridge]

D/dalvikvm(  951): GC_EXPLICIT freed 1319K, 41% free 21402K/36103K, paused 2ms+4ms, total 45ms

V/ExtraTelephonyManager(26394): phone type: 1

E/dalvikvm( 1107): threadid=22: exiting,name=IntentService[XMPushService Bridge]

V/ExtraTelephonyManager(26394): phone type: 1

D/Microlog(26394): 3623 Mms [DEBUG] 06-10 12:36:43 PM MxStatusService, queryPendingPresence(Context context) 

I/XIAOMIANALYTICS(26394): end session(com.android.mms)

D/Microlog(26394): 3623 Mms [DEBUG] 06-10 12:36:43 PM MxNetworkService, queryPendingPresence(Context context) 

I/Microlog.FileAppender(26394): Closing the FileAppender

E/dalvikvm(26394): threadid=19: exiting,name=Thread-5929

E/dalvikvm(26394): threadid=15: created from interp,name=IntentService[MxTaskService]

E/dalvikvm(26394): threadid=15: calling run(),name=IntentService[MxTaskService]

E/dalvikvm(26394): threadid=19: created from interp,name=IntentService[MxResendService]

E/dalvikvm(26394): threadid=18: exiting,name=IntentService[MxActivateService]

E/dalvikvm(26394): threadid=19: calling run(),name=IntentService[MxResendService]

E/dalvikvm(26394): threadid=15: exiting,name=IntentService[MxTaskService]

E/dalvikvm(26394): threadid=20: exiting,name=IntentService[MxMessageTrackService]

D/Microlog(26394): 3647 Mms [DEBUG] 06-10 12:36:43 PM MxResendService, dropped msg resent, count:0 

I/Microlog.FileAppender(26394): Closing the FileAppender

E/dalvikvm(26394): threadid=19: exiting,name=IntentService[MxResendService]

D/Microlog(26394): 3660 Mms [DEBUG] 06-10 12:36:43 PM MxResendService, resend dropped mms, count: 0 

I/Microlog.FileAppender(26394): Closing the FileAppender

E/Mms     (26394): [5924] Conversation.java(1231): cache already contains conversation for recipeints [74116484??]: 

E/dalvikvm(26394): threadid=14: exiting,name=Thread-5924

D/WifiStateMachine(  525): ConnectedState{ what=131155 when=-4ms arg1=536 }

D/WifiStateMachine(  525): L2ConnectedState{ what=131155 when=-4ms arg1=536 }

D/wpa_supplicant(24911): wpa_s 0x40828ed0 cmd SIGNAL_POLL

D/wpa_supplicant(24911): nl80211: survey data missing!

I/BatteryStatsImpl(  525): Start partial wakelock CastSocketMultiplexer(uid=10012, pid=25623) nesting 2

I/BatteryStatsImpl(  525): Start partial wakelock CastDeviceController(uid=10012, pid=25623) nesting 3

E/        (25569): played on urlchromecstas

I/BatteryStatsImpl(  525): Stop partial wakelock CastDeviceController(uid=10012, pid=25623) nesting 2

I/BatteryStatsImpl(  525): Stop partial wakelock CastSocketMultiplexer(uid=10012, pid=25623) nesting 1

I/BatteryStatsImpl(  525): Start partial wakelock CastSocketMultiplexer(uid=10012, pid=25623) nesting 2

I/BatteryStatsImpl(  525): Start partial wakelock CastDeviceController(uid=10012, pid=25623) nesting 3

I/BatteryStatsImpl(  525): Stop partial wakelock CastDeviceController(uid=10012, pid=25623) nesting 2

E/dalvikvm(25623): threadid=14: created from interp,name=AsyncOperationService[CastDeviceScannerIntentService]

E/dalvikvm(25623): threadid=14: calling run(),name=AsyncOperationService[CastDeviceScannerIntentService]

E/dalvikvm(25623): threadid=15: exiting,name=Thread-6001

E/dalvikvm(25623): threadid=16: exiting,name=Thread-6002

E/dalvikvm(25623): threadid=20: exiting,name=Thread-6003

I/BatteryStatsImpl(  525): Stop partial wakelock CastSocketMultiplexer(uid=10012, pid=25623) nesting 1

E/dalvikvm(25623): threadid=14: exiting,name=AsyncOperationService[CastDeviceScannerIntentService]

D/WifiStateMachine(  525): ConnectedState{ what=131155 when=-3ms arg1=536 }

D/WifiStateMachine(  525): L2ConnectedState{ what=131155 when=-3ms arg1=536 }

D/wpa_supplicant(24911): wpa_s 0x40828ed0 cmd SIGNAL_POLL

D/wpa_supplicant(24911): nl80211: survey data missing!

I/BatteryStatsImpl(  525): Start partial wakelock CastSocketMultiplexer(uid=10012, pid=25623) nesting 2

I/BatteryStatsImpl(  525): Start partial wakelock CastDeviceController(uid=10012, pid=25623) nesting 3

I/BatteryStatsImpl(  525): Stop partial wakelock CastDeviceController(uid=10012, pid=25623) nesting 2

E/dalvikvm(25569): threadid=20: exiting,name=JmDNS(connectsdk).Timer

I/DsService( 1034): DsService.onTrimMemory() level 15

D/dalvikvm(25569): WAIT_FOR_CONCURRENT_GC blocked 0ms

E/dalvikvm(25569): threadid=20: created from interp,name=Timer-55

E/dalvikvm(25569): threadid=20: calling run(),name=Timer-55

D/dalvikvm(25569): GC_EXPLICIT freed 1754K, 40% free 11263K/18499K, paused 2ms+2ms, total 41ms

E/dalvikvm(25569): threadid=19: exiting,name=Timer-51

E/dalvikvm(25569): threadid=22: exiting,name=Timer-52

E/dalvikvm(25569): threadid=23: exiting,name=Timer-53

E/dalvikvm(25569): threadid=24: exiting,name=Timer-54

E/dalvikvm(25569): threadid=19: created from interp,name=Timer-56

E/dalvikvm(25569): threadid=19: calling run(),name=Timer-56

E/dalvikvm(25569): threadid=22: created from interp,name=Timer-57

E/dalvikvm(25569): threadid=22: calling run(),name=Timer-57

E/dalvikvm(25569): threadid=23: created from interp,name=Timer-58

E/dalvikvm(25569): threadid=23: calling run(),name=Timer-58

E/dalvikvm(25623): threadid=14: created from interp,name=AsyncOperationService[CastDeviceScannerIntentService]

E/dalvikvm(25623): threadid=14: calling run(),name=AsyncOperationService[CastDeviceScannerIntentService]

I/XiaomiFirewall( 5487): firewall pkgName:com.google.android.gms, result:0

D/dalvikvm(25623): GC_CONCURRENT freed 4678K, 36% free 11897K/18499K, paused 12ms+2ms, total 63ms

E/dalvikvm(25623): threadid=15: created from interp,name=Thread-6006

E/dalvikvm(25623): threadid=15: calling run(),name=Thread-6006

E/dalvikvm(25623): threadid=16: created from interp,name=Thread-6007

E/dalvikvm(25623): threadid=16: calling run(),name=Thread-6007

E/dalvikvm(25569): threadid=18: exiting,name=SocketListener(connectsdk)

E/dalvikvm(25623): threadid=20: created from interp,name=Thread-6008

E/dalvikvm(25623): threadid=15: exiting,name=Thread-6006

E/dalvikvm(25623): threadid=20: calling run(),name=Thread-6008

E/dalvikvm(25623): threadid=16: exiting,name=Thread-6007

E/dalvikvm(25623): threadid=20: exiting,name=Thread-6008

E/dalvikvm(25623): threadid=15: created from interp,name=Thread-6009

E/dalvikvm(25623): threadid=15: calling run(),name=Thread-6009

E/dalvikvm(25623): threadid=16: created from interp,name=Thread-6010

E/dalvikvm(25623): threadid=16: calling run(),name=Thread-6010

E/dalvikvm(25623): threadid=20: created from interp,name=Thread-6011

E/dalvikvm(25623): threadid=20: calling run(),name=Thread-6011

I/BatteryStatsImpl(  525): Stop partial wakelock CastSocketMultiplexer(uid=10012, pid=25623) nesting 1

E/dalvikvm(25623): threadid=14: exiting,name=AsyncOperationService[CastDeviceScannerIntentService]

D/Process (  525): Begin--Starting VM process through Zygote processClass-->android.app.ActivityThread niceName-->com.whatsapp

E/dalvikvm(  179): threadid=2: exiting,name=ReferenceQueueDaemon

E/dalvikvm(  179): threadid=3: exiting,name=FinalizerDaemon

E/dalvikvm(  179): threadid=4: exiting,name=FinalizerWatchdogDaemon

E/dalvikvm(  179): native fork pid:26515 done.

E/dalvikvm(  179): threadid=2: created from interp,name=ReferenceQueueDaemon

E/dalvikvm(  179): threadid=2: calling run(),name=ReferenceQueueDaemon

E/dalvikvm(  179): threadid=3: created from interp,name=FinalizerDaemon

E/dalvikvm(  179): threadid=3: calling run(),name=FinalizerDaemon

E/dalvikvm(  179): threadid=4: created from interp,name=FinalizerWatchdogDaemon

E/dalvikvm(  179): threadid=4: calling run(),name=FinalizerWatchdogDaemon

D/Process (  525): End--Starting VM process through Zygote done.pid-->26515

E/dalvikvm(26515): native fork pid:0 done.

E/dalvikvm(26515): threadid=5: created from interp,name=ReferenceQueueDaemon

E/dalvikvm(26515): threadid=5: calling run(),name=ReferenceQueueDaemon

E/dalvikvm(26515): threadid=6: created from interp,name=FinalizerDaemon

E/dalvikvm(26515): threadid=6: calling run(),name=FinalizerDaemon

E/dalvikvm(26515): threadid=7: created from interp,name=FinalizerWatchdogDaemon

I/ActivityManager(  525): Start proc com.whatsapp for service com.whatsapp/.messaging.MessageService: pid=26515 uid=10083 gids={3002, 1006, 3003, 1015, 1028}

E/dalvikvm(26515): threadid=7: calling run(),name=FinalizerWatchdogDaemon

D/ActivityThread(26515): setTargetHeapUtilization:0.25

D/ActivityThread(26515): setTargetHeapIdealFree:8388608

D/ActivityThread(26515): setTargetHeapConcurrentStart:2097152

W/dalvikvm(26515): VFY: unable to resolve static method 1688: Landroid/provider/Telephony$Sms;.getDefaultSmsPackage (Landroid/content/Context;)Ljava/lang/String;

W/dalvikvm(26515): VFY: unable to resolve static method 8731: Landroid/text/TextUtils;.getLayoutDirectionFromLocale (Ljava/util/Locale;)I

W/dalvikvm(26515): VFY: unable to resolve static method 1683: Landroid/provider/Settings$Global;.getInt (Landroid/content/ContentResolver;Ljava/lang/String;I)I

E/dalvikvm(26515): Could not find class 'com.amazon.device.messaging.ADM', referenced from method com.whatsapp.App.q

W/dalvikvm(26515): VFY: unable to resolve new-instance 1431 (Lcom/amazon/device/messaging/ADM;) in Lcom/whatsapp/App;

E/dalvikvm(26515): Could not find class 'com.amazon.device.messaging.ADM', referenced from method com.whatsapp.App.x

W/dalvikvm(26515): VFY: unable to resolve new-instance 1431 (Lcom/amazon/device/messaging/ADM;) in Lcom/whatsapp/App;

W/dalvikvm(26515): VFY: unable to resolve virtual method 161: Landroid/app/AlarmManager;.setExact (IJLandroid/app/PendingIntent;)V

W/dalvikvm(26515): VFY: unable to resolve virtual method 161: Landroid/app/AlarmManager;.setExact (IJLandroid/app/PendingIntent;)V

E/dalvikvm(26515): threadid=10: created from interp,name=sync

E/dalvikvm(26515): threadid=10: calling run(),name=sync

W/dalvikvm(26515): VFY: unable to resolve virtual method 161: Landroid/app/AlarmManager;.setExact (IJLandroid/app/PendingIntent;)V

W/dalvikvm(26515): VFY: unable to resolve virtual method 161: Landroid/app/AlarmManager;.setExact (IJLandroid/app/PendingIntent;)V

W/dalvikvm(26515): Unable to resolve superclass of Lcom/whatsapp/adm/ADMMessageHandler; (1432)

W/dalvikvm(26515): Link of class 'Lcom/whatsapp/adm/ADMMessageHandler;' failed

E/dalvikvm(26515): Could not find class 'com.whatsapp.adm.ADMMessageHandler', referenced from method com.whatsapp.a3u.b

W/dalvikvm(26515): VFY: unable to resolve new-instance 3387 (Lcom/whatsapp/adm/ADMMessageHandler;) in Lcom/whatsapp/a3u;

W/dalvikvm(26515): Unable to resolve superclass of Lcom/whatsapp/adm/ADMMessageHandler; (1432)

W/dalvikvm(26515): Link of class 'Lcom/whatsapp/adm/ADMMessageHandler;' failed

E/dalvikvm(26515): Could not find class 'com.whatsapp.adm.ADMMessageHandler', referenced from method com.whatsapp.a3u.b

W/dalvikvm(26515): VFY: unable to resolve new-instance 3387 (Lcom/whatsapp/adm/ADMMessageHandler;) in Lcom/whatsapp/a3u;

W/dalvikvm(26515): Unable to resolve superclass of Lcom/whatsapp/adm/ADMMessageHandler; (1432)

W/dalvikvm(26515): Link of class 'Lcom/whatsapp/adm/ADMMessageHandler;' failed

W/dalvikvm(26515): Unable to resolve superclass of Lcom/whatsapp/adm/ADMMessageHandler; (1432)

W/dalvikvm(26515): Link of class 'Lcom/whatsapp/adm/ADMMessageHandler;' failed

D/WifiStateMachine(  525): ConnectedState{ what=131155 when=-3ms arg1=536 }

D/WifiStateMachine(  525): L2ConnectedState{ what=131155 when=-3ms arg1=536 }

D/wpa_supplicant(24911): wpa_s 0x40828ed0 cmd SIGNAL_POLL

D/wpa_supplicant(24911): nl80211: survey data missing!

I/ActivityThread(26515): Pub com.whatsapp.provider.contact: com.whatsapp.contact.ContactProvider

I/ActivityThread(26515): Pub com.whatsapp.provider.media: com.whatsapp.MediaProvider

W/dalvikvm(26515): VFY: unable to resolve virtual method 1585: Landroid/os/PowerManager;.isPowerSaveMode ()Z

I/WhatsApp(26515): LL_I D [1:main]App.java:2971 ntp update processed; device time: Wed Jun 10 12:36:49 GMT+05:30 2015 ntp time: Wed Jun 10 12:36:49 GMT+05:30 2015

D/Event   (26515): No subscribers registered for event class com.whatsapp.mq

D/Event   (26515): No subscribers registered for event class de.greenrobot.event.n

I/WhatsApp(26515): LL_I W [1:main]Runtime.java:368 12:36:49.870 os_core_unix.c !pjlib 2.2.1 for POSIX initialized

I/WhatsApp(26515): LL_I W [1:main]Runtime.java:368 12:36:49.873 wa_audio_dev.c !WA Audio sound library initialized

I/WhatsApp(26515): LL_I W [1:main]Runtime.java:368 12:36:49.873          pjlib  select() I/O Queue created (0x4145dfa4)

I/WhatsApp(26515): LL_I W [1:main]Runtime.java:368 12:36:49.874      wa_opus.c  pjmedia_codec_opus_init start

I/WhatsApp(26515): LL_I W [1:main]Runtime.java:368 12:36:49.875      wa_opus.c  pjmedia_codec_opus_init success

I/WhatsApp(26515): LL_I W [1:main]WhatsAppLibLoader.java:72 native library usability testing in progress

I/WhatsApp(26515): LL_I W [1:main]WhatsAppLibLoader.java:72 native library usability testing complete

I/WhatsApp(26515): LL_I W [1:main]WhatsAppLibLoader.java:85 jniVersion: 2.12.122

I/WhatsApp(26515): LL_I W [1:main]WhatsAppLibLoader.java:31 isLibraryUsable: True

E/dalvikvm(26515): threadid=11: created from interp,name=pool-2-thread-1

E/dalvikvm(26515): threadid=12: created from interp,name=JobConsumer-0

E/dalvikvm(26515): threadid=11: calling run(),name=pool-2-thread-1

E/dalvikvm(26515): threadid=12: calling run(),name=JobConsumer-0

E/dalvikvm(26515): threadid=13: created from interp,name=JobConsumer-1

E/dalvikvm(26515): threadid=14: created from interp,name=JobConsumer-2

E/dalvikvm(26515): threadid=14: calling run(),name=JobConsumer-2

E/dalvikvm(26515): threadid=13: calling run(),name=JobConsumer-1

E/dalvikvm(26515): threadid=15: created from interp,name=JobConsumer-3

E/dalvikvm(26515): threadid=15: calling run(),name=JobConsumer-3

E/dalvikvm(26515): threadid=16: created from interp,name=JobConsumer-4

E/dalvikvm(26515): threadid=16: calling run(),name=JobConsumer-4

E/dalvikvm(26515): threadid=17: created from interp,name=JobConsumer-5

E/dalvikvm(26515): threadid=17: calling run(),name=JobConsumer-5

E/dalvikvm(26515): threadid=18: created from interp,name=JobConsumer-6

E/dalvikvm(26515): threadid=18: calling run(),name=JobConsumer-6

E/dalvikvm(26515): threadid=19: created from interp,name=JobConsumer-7

E/dalvikvm(26515): threadid=19: calling run(),name=JobConsumer-7

E/dalvikvm(26515): threadid=20: created from interp,name=JobConsumer-8

E/dalvikvm(26515): threadid=20: calling run(),name=JobConsumer-8

E/dalvikvm(26515): threadid=21: created from interp,name=JobConsumer-9

E/dalvikvm(26515): threadid=21: calling run(),name=JobConsumer-9

E/dalvikvm(26515): threadid=22: created from interp,name=JobConsumer-10

E/dalvikvm(26515): threadid=23: created from interp,name=JobConsumer-11

E/dalvikvm(26515): threadid=22: calling run(),name=JobConsumer-10

E/dalvikvm(26515): threadid=23: calling run(),name=JobConsumer-11

E/dalvikvm(26515): threadid=24: created from interp,name=JobConsumer-12

E/dalvikvm(26515): threadid=25: created from interp,name=JobConsumer-13

E/dalvikvm(26515): threadid=24: calling run(),name=JobConsumer-12

E/dalvikvm(26515): threadid=25: calling run(),name=JobConsumer-13

E/dalvikvm(26515): threadid=26: created from interp,name=JobConsumer-14

E/dalvikvm(26515): threadid=26: calling run(),name=JobConsumer-14

E/dalvikvm(26515): threadid=27: created from interp,name=JobConsumer-15

E/dalvikvm(26515): threadid=27: calling run(),name=JobConsumer-15

E/dalvikvm(26515): threadid=28: created from interp,name=SharedPreferencesImpl-load

E/dalvikvm(26515): threadid=28: calling run(),name=SharedPreferencesImpl-load

E/dalvikvm(26515): threadid=28: exiting,name=SharedPreferencesImpl-load

E/dalvikvm(26515): threadid=28: created from interp,name=WhatsApp Worker #1

E/dalvikvm(26515): threadid=28: calling run(),name=WhatsApp Worker #1

E/dalvikvm(26515): threadid=29: created from interp,name=Stats

E/dalvikvm(26515): threadid=29: calling run(),name=Stats

I/BatteryStatsImpl(  525): Start partial wakelock AlarmManager(uid=10083, pid=525) nesting 2

I/XiaomiFirewall( 5487): firewall pkgName:com.whatsapp, result:0

E/dalvikvm(26515): threadid=30: created from interp,name=db_write (2.12.122-fat-website-release)

E/dalvikvm(26515): threadid=30: calling run(),name=db_write (2.12.122-fat-website-release)

E/dalvikvm(26515): threadid=31: created from interp,name=WhatsApp Worker #2

E/dalvikvm(26515): threadid=31: calling run(),name=WhatsApp Worker #2

E/dalvikvm(26515): threadid=32: created from interp,name=WhatsApp Worker #3

E/dalvikvm(26515): threadid=32: calling run(),name=WhatsApp Worker #3

E/dalvikvm(26515): threadid=33: created from interp,name=Messages Aync Commit Thread

E/dalvikvm(26515): threadid=33: calling run(),name=Messages Aync Commit Thread

W/dalvikvm(26515): VFY: unable to resolve virtual method 161: Landroid/app/AlarmManager;.setExact (IJLandroid/app/PendingIntent;)V

W/dalvikvm(26515): VFY: unable to resolve virtual method 161: Landroid/app/AlarmManager;.setExact (IJLandroid/app/PendingIntent;)V

W/dalvikvm(26515): VFY: unable to resolve virtual method 161: Landroid/app/AlarmManager;.setExact (IJLandroid/app/PendingIntent;)V

E/dalvikvm(26515): threadid=34: created from interp,name=WhatsApp Worker #4

E/dalvikvm(26515): threadid=34: calling run(),name=WhatsApp Worker #4

I/LBE-Sec (26515): ActivityManager.GetContentProvider->com.android.contacts

E/dalvikvm(26515): threadid=35: created from interp,name=payment

E/dalvikvm(26515): threadid=35: calling run(),name=payment

E/dalvikvm(26515): threadid=36: created from interp,name=SharedPreferencesImpl-load

E/dalvikvm(26515): threadid=36: calling run(),name=SharedPreferencesImpl-load

E/dalvikvm(26515): threadid=36: exiting,name=SharedPreferencesImpl-load

E/dalvikvm(26515): threadid=36: created from interp,name=AsyncTask #1

D/Process (  525): Begin--Starting VM process through Zygote processClass-->android.app.ActivityThread niceName-->com.android.vending

E/dalvikvm(26515): threadid=36: calling run(),name=AsyncTask #1

E/dalvikvm(  179): threadid=2: exiting,name=ReferenceQueueDaemon

E/dalvikvm(  179): threadid=3: exiting,name=FinalizerDaemon

E/dalvikvm(  179): threadid=4: exiting,name=FinalizerWatchdogDaemon

E/dalvikvm(  179): native fork pid:26566 done.

E/dalvikvm(  179): threadid=2: created from interp,name=ReferenceQueueDaemon

E/dalvikvm(  179): threadid=2: calling run(),name=ReferenceQueueDaemon

E/dalvikvm(26515): threadid=37: created from interp,name=NotificationManagerCompat

E/dalvikvm(  179): threadid=3: created from interp,name=FinalizerDaemon

E/dalvikvm(  179): threadid=3: calling run(),name=FinalizerDaemon

E/dalvikvm(  179): threadid=4: created from interp,name=FinalizerWatchdogDaemon

E/dalvikvm(  179): threadid=4: calling run(),name=FinalizerWatchdogDaemon

D/Process (  525): End--Starting VM process through Zygote done.pid-->26566

I/ActivityManager(  525): Start proc com.android.vending for service com.android.vending/com.google.android.finsky.billing.iab.InAppBillingService: pid=26566 uid=10107 gids={3003, 1015, 1028}

E/dalvikvm(26515): threadid=37: calling run(),name=NotificationManagerCompat

E/dalvikvm(26566): native fork pid:0 done.

E/dalvikvm(26566): threadid=5: created from interp,name=ReferenceQueueDaemon

E/dalvikvm(26566): threadid=5: calling run(),name=ReferenceQueueDaemon

E/dalvikvm(26566): threadid=6: created from interp,name=FinalizerDaemon

E/dalvikvm(26566): threadid=6: calling run(),name=FinalizerDaemon

E/dalvikvm(26566): threadid=7: created from interp,name=FinalizerWatchdogDaemon

E/dalvikvm(26566): threadid=7: calling run(),name=FinalizerWatchdogDaemon

W/dalvikvm(26515): VFY: unable to resolve virtual method 161: Landroid/app/AlarmManager;.setExact (IJLandroid/app/PendingIntent;)V

I/LBE-Sec (26515): ActivityManager.GetContentProvider->settings

D/ActivityThread(26566): setTargetHeapUtilization:0.25

D/ActivityThread(26566): setTargetHeapIdealFree:8388608

D/ActivityThread(26566): setTargetHeapConcurrentStart:2097152

E/dalvikvm(26515): threadid=38: created from interp,name=WhatsApp Worker #5

E/dalvikvm(26515): threadid=38: calling run(),name=WhatsApp Worker #5

W/dalvikvm(26515): VFY: unable to resolve virtual method 1314: Landroid/net/ConnectivityManager;.getAllNetworks ()[Landroid/net/Network;

W/dalvikvm(26515): VFY: unable to resolve virtual method 161: Landroid/app/AlarmManager;.setExact (IJLandroid/app/PendingIntent;)V

E/dalvikvm(26515): threadid=39: created from interp,name=ConnectionThread

E/dalvikvm(26515): threadid=39: calling run(),name=ConnectionThread

E/dalvikvm(26515): threadid=40: created from interp,name=Notifications

E/dalvikvm(26515): threadid=40: calling run(),name=Notifications

I/BatteryStatsImpl(  525): Stop partial wakelock AlarmManager(uid=10083, pid=525) nesting 1

I/ActivityThread(26566): Pub com.google.android.finsky.RecentSuggestionsProvider: com.google.android.finsky.providers.RecentSuggestionsProvider

E/dalvikvm(26515): threadid=41: created from interp,name=WriterThread

E/dalvikvm(26515): threadid=41: calling run(),name=WriterThread

I/LBE-Sec (26566): ActivityManager.GetContentProvider->com.google.android.gsf.gservices

E/dalvikvm(26515): threadid=42: created from interp,name=MessageService Connectivity Handler

E/dalvikvm(26515): threadid=42: calling run(),name=MessageService Connectivity Handler

E/dalvikvm(26566): threadid=10: created from interp,name=Gservices

E/dalvikvm(26566): threadid=10: calling run(),name=Gservices

E/dalvikvm(26566): threadid=11: created from interp,name=SharedPreferencesImpl-load

E/dalvikvm(26566): threadid=11: calling run(),name=SharedPreferencesImpl-load

E/dalvikvm(26566): threadid=11: exiting,name=SharedPreferencesImpl-load

W/dalvikvm(26515): Unable to resolve superclass of Lcom/whatsapp/cc; (230)

W/dalvikvm(26515): Link of class 'Lcom/whatsapp/cc;' failed

E/dalvikvm(26515): Could not find class 'com.whatsapp.cc', referenced from method com.whatsapp.mt.<clinit>

W/dalvikvm(26515): VFY: unable to resolve new-instance 3915 (Lcom/whatsapp/cc;) in Lcom/whatsapp/mt;

W/dalvikvm(26515): VFY: unable to resolve virtual method 1123: Landroid/hardware/SensorManager;.cancelTriggerSensor (Landroid/hardware/TriggerEventListener;Landroid/hardware/Sensor;)Z

W/dalvikvm(26515): VFY: unable to resolve virtual method 1128: Landroid/hardware/SensorManager;.requestTriggerSensor (Landroid/hardware/TriggerEventListener;Landroid/hardware/Sensor;)Z

W/dalvikvm(26515): Unable to resolve superclass of Lcom/whatsapp/cc; (230)

W/dalvikvm(26515): Link of class 'Lcom/whatsapp/cc;' failed

E/dalvikvm(26515): threadid=43: created from interp,name=SharedPreferencesImpl-load

E/dalvikvm(26515): threadid=43: calling run(),name=SharedPreferencesImpl-load

E/dalvikvm(26515): threadid=43: exiting,name=SharedPreferencesImpl-load

E/dalvikvm(26566): Could not find class 'android.app.AppOpsManager', referenced from method com.google.android.gms.common.GooglePlayServicesUtil.zza

W/dalvikvm(26566): VFY: unable to resolve check-cast 32 (Landroid/app/AppOpsManager;) in Lcom/google/android/gms/common/GooglePlayServicesUtil;

W/dalvikvm(26566): VFY: unable to resolve virtual method 548: Landroid/content/pm/PackageManager;.getPackageInstaller ()Landroid/content/pm/PackageInstaller;

E/dalvikvm(26566): threadid=11: created from interp,name=pool-1-thread-1

I/LBE-Sec (26566): ActivityManager.GetContentProvider->settings

E/dalvikvm(26566): threadid=11: calling run(),name=pool-1-thread-1

E/dalvikvm(26566): threadid=12: created from interp,name=RefQueueWorker@com.google.android.volley.elegant.ElegantThreadSafeConnManager$ElegantPool@4268bff8

E/dalvikvm(26566): threadid=12: calling run(),name=RefQueueWorker@com.google.android.volley.elegant.ElegantThreadSafeConnManager$ElegantPool@4268bff8

D/Finsky  (26566): [1] FinskyApp.onCreate: Initializing network with DFE https://android.clients.google.com/fdfe/

E/dalvikvm(26566): threadid=13: created from interp,name=RefQueueWorker@com.google.android.volley.elegant.ElegantThreadSafeConnManager$ElegantPool@426ac288

E/dalvikvm(26566): threadid=13: calling run(),name=RefQueueWorker@com.google.android.volley.elegant.ElegantThreadSafeConnManager$ElegantPool@426ac288

E/dalvikvm(26566): threadid=14: created from interp,name=Thread-5929

E/dalvikvm(26566): threadid=14: calling run(),name=Thread-5929

E/dalvikvm(26566): threadid=15: created from interp,name=Thread-5930

E/dalvikvm(26566): threadid=15: calling run(),name=Thread-5930

E/dalvikvm(26566): threadid=16: created from interp,name=Thread-5931

E/dalvikvm(26566): threadid=16: calling run(),name=Thread-5931

E/dalvikvm(26566): threadid=17: created from interp,name=SharedPreferencesImpl-load

E/dalvikvm(26566): threadid=17: calling run(),name=SharedPreferencesImpl-load

E/dalvikvm(26566): threadid=17: exiting,name=SharedPreferencesImpl-load

W/dalvikvm(26566): VFY: unable to resolve virtual method 504: Landroid/content/pm/ApplicationInfo;.loadUnbadgedIcon (Landroid/content/pm/PackageManager;)Landroid/graphics/drawable/Drawable;

E/dalvikvm(26566): threadid=17: created from interp,name=download-manager-thread

E/dalvikvm(26566): threadid=17: calling run(),name=download-manager-thread

E/dalvikvm(26566): threadid=18: created from interp,name=NetworkQualityQueryThread

E/dalvikvm(26566): threadid=18: calling run(),name=NetworkQualityQueryThread

E/dalvikvm(26566): threadid=19: created from interp,name=RefQueueWorker@com.google.android.volley.elegant.ElegantThreadSafeConnManager$ElegantPool@427548c0

E/dalvikvm(26566): threadid=19: calling run(),name=RefQueueWorker@com.google.android.volley.elegant.ElegantThreadSafeConnManager$ElegantPool@427548c0

E/dalvikvm(26566): threadid=20: created from interp,name=Thread-5936

E/dalvikvm(26566): threadid=20: calling run(),name=Thread-5936

E/dalvikvm(26566): threadid=21: created from interp,name=Thread-5937

E/dalvikvm(26566): threadid=21: calling run(),name=Thread-5937

E/dalvikvm(26566): threadid=22: created from interp,name=Thread-5938

E/dalvikvm(26566): threadid=22: calling run(),name=Thread-5938

E/dalvikvm(26566): threadid=23: created from interp,name=Thread-5939

E/dalvikvm(26566): threadid=23: calling run(),name=Thread-5939

E/dalvikvm(26566): threadid=24: created from interp,name=Thread-5940

E/dalvikvm(26566): threadid=24: calling run(),name=Thread-5940

E/dalvikvm(26566): threadid=25: created from interp,name=PlayEventLogger

E/dalvikvm(26566): threadid=25: calling run(),name=PlayEventLogger

E/dalvikvm(26566): threadid=26: created from interp,name=tentative-gc-runner

