I/InputDispatcher( 2375): Delivering touch to: action: 0x4
I/InputDispatcher( 2375): Delivering touch to: action: 0x0
D/STATUSBAR-NetworkController( 2723): onSignalStrengthsChanged signalStrength=SignalStrength: 99 -1 -1 -1 -1 -1 -1 25 -87 -6 204 -1 2147483647 gsm|lte 0x3 level=3
I/InputReader( 2375): Touch event's action is 0x1 (deviceType=0) [pCnt=1, s=] when=1949379080000
I/InputDispatcher( 2375): Delivering touch to: action: 0x1
E/DatabaseUtils( 2375): Writing exception to parcel
E/DatabaseUtils( 2375): java.lang.SecurityException: Permission Denial: get/set setting for user asks to run as user -2 but is calling from user 0; this requires android.permission.INTERACT_ACROSS_USERS_FULL
E/DatabaseUtils( 2375): 	at com.android.server.am.ActivityManagerService.handleIncomingUser(ActivityManagerService.java:13101)
E/DatabaseUtils( 2375): 	at android.app.ActivityManager.handleIncomingUser(ActivityManager.java:2038)
E/DatabaseUtils( 2375): 	at com.android.providers.settings.SettingsProvider.callFromPackage(SettingsProvider.java:607)
E/DatabaseUtils( 2375): 	at android.content.ContentProvider$Transport.call(ContentProvider.java:279)
E/DatabaseUtils( 2375): 	at android.content.ContentProviderNative.onTransact(ContentProviderNative.java:273)
E/DatabaseUtils( 2375): 	at android.os.Binder.execTransact(Binder.java:388)
E/DatabaseUtils( 2375): 	at dalvik.system.NativeStart.run(Native Method)
W/ActivityManager( 2375): Permission Denial: get/set setting for user asks to run as user -2 but is calling from user 0; this requires android.permission.INTERACT_ACROSS_USERS_FULL
E/Parcel  ( 2375): Class not found when unmarshalling: org.thoughtcrime.securesms.crypto.MasterSecret
E/Parcel  ( 2375): java.lang.ClassNotFoundException: org.thoughtcrime.securesms.crypto.MasterSecret
E/Parcel  ( 2375): 	at java.lang.Class.classForName(Native Method)
E/Parcel  ( 2375): 	at java.lang.Class.forName(Class.java:204)
E/Parcel  ( 2375): 	at java.lang.Class.forName(Class.java:169)
E/Parcel  ( 2375): 	at android.os.Parcel.readParcelableCreator(Parcel.java:2091)
E/Parcel  ( 2375): 	at android.os.Parcel.readParcelable(Parcel.java:2055)
E/Parcel  ( 2375): 	at android.os.Parcel.readValue(Parcel.java:1971)
E/Parcel  ( 2375): 	at android.os.Parcel.readMapInternal(Parcel.java:2255)
E/Parcel  ( 2375): 	at android.os.Bundle.unparcel(Bundle.java:223)
E/Parcel  ( 2375): 	at android.os.Bundle.getString(Bundle.java:1082)
E/Parcel  ( 2375): 	at android.content.Intent.getStringExtra(Intent.java:4961)
E/Parcel  ( 2375): 	at com.android.server.am.ActivityStack.startActivityLocked(ActivityStack.java:3761)
E/Parcel  ( 2375): 	at com.android.server.am.ActivityStack.startActivityMayWait(ActivityStack.java:4981)
E/Parcel  ( 2375): 	at com.android.server.am.ActivityManagerService.startActivityAsUser(ActivityManagerService.java:3163)
E/Parcel  ( 2375): 	at com.android.server.am.ActivityManagerService.startActivity(ActivityManagerService.java:3119)
E/Parcel  ( 2375): 	at android.app.ActivityManagerNative.onTransact(ActivityManagerNative.java:157)
E/Parcel  ( 2375): 	at com.android.server.am.ActivityManagerService.onTransact(ActivityManagerService.java:2115)
E/Parcel  ( 2375): 	at android.os.Binder.execTransact(Binder.java:388)
E/Parcel  ( 2375): 	at dalvik.system.NativeStart.run(Native Method)
E/Parcel  ( 2375): Caused by: java.lang.NoClassDefFoundError: org/thoughtcrime/securesms/crypto/MasterSecret
E/Parcel  ( 2375): 	... 18 more</code>

url : https://github.com/ConnectSDK/Connect-SDK-Android-Google-Cast/issues/12
body : Hi Team,

while casting videos with connect sdk after few minutes channels get disconnected when i check the log it shows onService removed "chromecast name"

the same videos playing fine with google cast companion library

please help me

D/Connect SDK(25569): Service added: dittotvandroid (Chromecast)

D/Connect SDK(25569): Adding service Chromecast to device with address 192.168.85.102 and id 2e58f28a-9f30-4edd-a1aa-b66aada50153

W/InputMethodManagerService(  525): Window already focused, ignoring focus gain of: com.android.internal.view.IInputMethodClient$Stub$Proxy@437395c8 attribute=null

E/dalvikvm(25663): threadid=21: exiting,name=AsyncOperationService[ClearcutLoggerIntentService]

I/NotifUtils(26011): Validating Notification, mapSize: 2 getAttention: true

D/WifiStateMachine(  525): ConnectedState{ what=131155 when=-4ms arg1=536 }

D/WifiStateMachine(  525): L2ConnectedState{ what=131155 when=-4ms arg1=536 }

D/wpa_supplicant(24911): wpa_s 0x40828ed0 cmd SIGNAL_POLL

D/wpa_supplicant(24911): nl80211: survey data missing!

E/dalvikvm(26011): threadid=16: created from interp,name=SharedPreferencesImpl-load

E/dalvikvm(26011): threadid=16: calling run(),name=SharedPreferencesImpl-load

E/dalvikvm(26011): threadid=16: exiting,name=SharedPreferencesImpl-load

E/dalvikvm(26011): threadid=16: created from interp,name=SharedPreferencesImpl-load

E/dalvikvm(26011): threadid=16: calling run(),name=SharedPreferencesImpl-load

E/dalvikvm(26011): threadid=16: exiting,name=SharedPreferencesImpl-load

I/NotifUtils(26011): Showing notification with unreadCount of 78 and unseenCount of 1

W/dalvikvm(26011): VFY: unable to resolve static method 1542: Landroid/provider/DocumentsContract;.isDocumentUri (Landroid/content/Context;Landroid/net/Uri;)Z

D/PhoneStatusBar(  777): addNotification pkg=com.android.email;targetpkg=com.android.email;id=-747984362

I/NotifUtils(26011): Validating Notification, mapSize: 2 getAttention: true

D/dalvikvm(  525): WAIT_FOR_CONCURRENT_GC blocked 0ms

D/My Message(25569): showDeviceSelectDialog

D/dalvikvm(  525): GC_EXPLICIT freed 1584K, 43% free 37518K/64775K, paused 5ms+13ms, total 148ms

E/dalvikvm(25569): threadid=24: exiting,name=JmDNS(connectsdk).State.Timer

I/XiaomiFirewall( 5487): firewall pkgName:com.example.android.slidingtabsbasic, result:0

E/dalvikvm(25569): threadid=18: created from interp,name=SocketListener(connectsdk)

E/dalvikvm(25569): threadid=18: calling run(),name=SocketListener(connectsdk)

E/dalvikvm(25569): threadid=24: created from interp,name=JmDNS(connectsdk).Timer

E/dalvikvm(25569): threadid=24: calling run(),name=JmDNS(connectsdk).Timer

E/dalvikvm(25569): threadid=29: created from interp,name=JmDNS(connectsdk).State.Timer

E/dalvikvm(25569): threadid=29: calling run(),name=JmDNS(connectsdk).State.Timer

E/dalvikvm(25569): threadid=30: created from interp,name=SharedPreferencesImpl-load

E/dalvikvm(25569): threadid=30: calling run(),name=SharedPreferencesImpl-load

E/dalvikvm(25569): threadid=30: exiting,name=SharedPreferencesImpl-load

I/CastService(25623): [instance-1] Google Play Services client: 6587000, Google Play Services APK: 7573000

D/WifiStateMachine(  525): ConnectedState{ what=131143 when=0 arg1=2 }

D/WifiStateMachine(  525): L2ConnectedState{ what=131143 when=0 arg1=2 }

D/wpa_supplicant(24911): wpa_s 0x40828ed0 cmd AP_SCAN 2

D/WifiStateMachine(  525): ConnectModeState{ what=131143 when=-1ms arg1=2 }

D/WifiStateMachine(  525): DriverStartedState{ what=131143 when=-1ms arg1=2 }

D/wpa_supplicant(24911): wpa_s 0x40828ed0 cmd SCAN

D/wpa_supplicant(24911): WPS: Building WPS IE for Probe Request

D/wpa_supplicant(24911): P2P: * P2P IE header

D/wpa_supplicant(24911): P2P: * Capability dev=23 group=00

D/wpa_supplicant(24911): P2P: * Listen Channel: Regulatory Class 81 Channel 6

D/wpa_supplicant(24911): Scan requested (ret=0) - scan timeout 30 seconds

D/wpa_supplicant(24911): nl80211: Event message available

D/wpa_supplicant(24911): nl80211: Scan trigger

E/dalvikvm(25623): threadid=19: created from interp,name=AsyncOperationService[CastOperationService]

E/dalvikvm(25623): threadid=19: calling run(),name=AsyncOperationService[CastOperationService]

E/dalvikvm(25663): threadid=21: created from interp,name=AsyncOperationService[ClearcutLoggerIntentService]

E/dalvikvm(25663): threadid=21: calling run(),name=AsyncOperationService[ClearcutLoggerIntentService]

W/InputMethodManagerService(  525): Window already focused, ignoring focus gain of: com.android.internal.view.IInputMethodClient$Stub$Proxy@43746628 attribute=null

I/XiaomiFirewall( 5487): firewall pkgName:com.google.android.gms, result:0

I/BatteryStatsImpl(  525): Start partial wakelock CastSocketMultiplexer(uid=10012, pid=25623) nesting 2

I/BatteryStatsImpl(  525): Start partial wakelock CastDeviceController(uid=10012, pid=25623) nesting 3

E/dalvikvm(25623): threadid=20: created from interp,name=Thread-5954

D/Connect SDK(25569): ConnectionCallbacks.onConnected, wasWaitingForReconnect: false

E/dalvikvm(25623): threadid=20: calling run(),name=Thread-5954

I/BatteryStatsImpl(  525): Stop partial wakelock CastDeviceController(uid=10012, pid=25623) nesting 2

E/dalvikvm(25623): threadid=20: exiting,name=Thread-5954

E/dalvikvm(25569): threadid=30: created from interp,name=2nd Screen BG

E/dalvikvm(25569): threadid=30: calling run(),name=2nd Screen BG

D/WifiStateMachine(  525): ConnectedState{ what=131155 when=-1ms arg1=536 }

D/WifiStateMachine(  525): L2ConnectedState{ what=131155 when=-1ms arg1=536 }

D/wpa_supplicant(24911): wpa_s 0x40828ed0 cmd SIGNAL_POLL

D/wpa_supplicant(24911): nl80211: survey data missing!

I/BatteryStatsImpl(  525): Start partial wakelock CastDeviceController(uid=10012, pid=25623) nesting 3

I/BatteryStatsImpl(  525): Stop partial wakelock CastDeviceController(uid=10012, pid=25623) nesting 2

E/dalvikvm(25663): threadid=21: exiting,name=AsyncOperationService[ClearcutLoggerIntentService]

I/BatteryStatsImpl(  525): Stop partial wakelock CastSocketMultiplexer(uid=10012, pid=25623) nesting 1

D/wpa_supplicant(24911): nl80211: Event message available

D/wpa_supplicant(24911): nl80211: New scan results available

D/wpa_supplicant(24911): nl80211: Associated on 2447 MHz

D/wpa_supplicant(24911): nl80211: Associated with 2c:e6:cc:1b:ca:6b

D/wpa_supplicant(24911): nl80211: Received scan results (24 BSSes)

D/wpa_supplicant(24911): nl80211: Survey data missing

D/wpa_supplicant(24911): nl80211: Scan results indicate BSS status with 2c:e6:cc:1b:ca:6b as associated

D/wpa_supplicant(24911): Sorted scan results

D/wpa_supplicant(24911): 2c:e6:cc:db:ca:69 freq=2447 qual=0 noise=0 level=-51 flags=0xb

D/wpa_supplicant(24911): 2c:e6:cc:1b:ca:6a freq=2447 qual=0 noise=0 level=-51 flags=0xb

D/wpa_supplicant(24911): 2c:e6:cc:1b:ca:6b freq=2447 qual=0 noise=0 level=-54 flags=0x2b

D/wpa_supplicant(24911): 2c:e6:cc:5b:ca:6b freq=2447 qual=0 noise=0 level=-55 flags=0xb

D/wpa_supplicant(24911): 2c:e6:cc:db:ca:6a freq=2447 qual=0 noise=0 level=-55 flags=0xb

D/wpa_supplicant(24911): 2c:e6:cc:5b:ca:6a freq=2447 qual=0 noise=0 level=-55 flags=0xb

D/wpa_supplicant(24911): 2c:e6:cc:9b:ca:6a freq=2447 qual=0 noise=0 level=-56 flags=0xb

D/wpa_supplicant(24911): 48:f8:b3:41:fe:e3 freq=2462 qual=0 noise=0 level=-59 flags=0xb

D/wpa_supplicant(24911): c8:b3:73:0c:91:b2 freq=2437 qual=0 noise=0 level=-64 flags=0xb

D/wpa_supplicant(24911): 54:3d:37:1d:27:7a freq=2427 qual=0 noise=0 level=-72 flags=0xb

D/wpa_supplicant(24911): 54:3d:37:5d:27:7a freq=2427 qual=0 noise=0 level=-72 flags=0xb

D/wpa_supplicant(24911): 54:3d:37:5d:27:79 freq=2427 qual=0 noise=0 level=-72 flags=0xb

D/wpa_supplicant(24911): 54:3d:37:1d:27:79 freq=2427 qual=0 noise=0 level=-72 flags=0xb

D/wpa_supplicant(24911): 54:3d:37:dd:27:79 freq=2427 qual=0 noise=0 level=-72 flags=0xb

D/wpa_supplicant(24911): 54:3d:37:dd:27:78 freq=2427 qual=0 noise=0 level=-72 flags=0xb

D/wpa_supplicant(24911): 54:3d:37:9d:27:79 freq=2427 qual=0 noise=0 level=-72 flags=0xb

D/wpa_supplicant(24911): 54:3d:37:dd:27:7a freq=2427 qual=0 noise=0 level=-73 flags=0xb

D/wpa_supplicant(24911): ac:9e:17:64:8f:a0 freq=2472 qual=0 noise=0 level=-74 flags=0xb

D/wpa_supplicant(24911): 54:3d:37:9d:27:7a freq=2427 qual=0 noise=0 level=-74 flags=0xb

D/wpa_supplicant(24911): 54:3d:37:9d:27:78 freq=2427 qual=0 noise=0 level=-75 flags=0xb

D/wpa_supplicant(24911): 10:c3:7b:44:30:70 freq=2442 qual=0 noise=0 level=-76 flags=0xb

D/wpa_supplicant(24911): 60:d1:aa:21:8a:d8 freq=2412 qual=0 noise=0 level=-92 flags=0xb

D/wpa_supplicant(24911): 2c:e6:cc:5b:ca:68 freq=2447 qual=0 noise=0 level=-55 flags=0xb

D/wpa_supplicant(24911): 54:3d:37:5d:27:78 freq=2427 qual=0 noise=0 level=-75 flags=0xb

D/wpa_supplicant(24911): p2p0: Updating scan results from sibling

D/wpa_supplicant(24911): Not Updating scan results on interface p2p0 from sibling wlan0

D/WifiStateMachine(  525): ConnectedState{ what=147461 when=0 }

D/WifiStateMachine(  525): L2ConnectedState{ what=147461 when=-1ms }

D/WifiStateMachine(  525): ConnectModeState{ what=147461 when=-1ms }

D/wpa_supplicant(24911): wpa_s 0x40828ed0 cmd AP_SCAN 1

D/WifiStateMachine(  525): DriverStartedState{ what=147461 when=-2ms }

D/WifiStateMachine(  525): SupplicantStartedState{ what=147461 when=-2ms }

D/wpa_supplicant(24911): wpa_s 0x40828ed0 cmd SCAN_RESULTS

D/WifiStateMachine(  525): ConnectedState{ what=131131 when=-1ms }

D/WifiStateMachine(  525): L2ConnectedState{ what=131131 when=-1ms }

D/WifiStateMachine(  525): ConnectModeState{ what=131131 when=-1ms }

D/WifiStateMachine(  525): DriverStartedState{ what=131131 when=-1ms }

D/WifiStateMachine(  525): SupplicantStartedState{ what=131131 when=-2ms }

E/dalvikvm(25623): threadid=20: created from interp,name=AsyncOperationService[CastDeviceScannerIntentService]

E/dalvikvm(25623): threadid=20: calling run(),name=AsyncOperationService[CastDeviceScannerIntentService]

E/dalvikvm(25623): threadid=14: exiting,name=Thread-5948

E/dalvikvm(25623): threadid=15: exiting,name=Thread-5949

E/dalvikvm(25623): threadid=16: exiting,name=Thread-5950

D/WifiStateMachine(  525): ConnectedState{ what=131155 when=-2ms arg1=536 }

D/WifiStateMachine(  525): L2ConnectedState{ what=131155 when=-2ms arg1=536 }

D/wpa_supplicant(24911): wpa_s 0x40828ed0 cmd SIGNAL_POLL

D/wpa_supplicant(24911): nl80211: survey data missing!

E/dalvikvm(25623): threadid=20: exiting,name=AsyncOperationService[CastDeviceScannerIntentService]

E/dalvikvm(25569): threadid=24: exiting,name=JmDNS(connectsdk).Timer

I/DsService( 1034): DsService.onTrimMemory() level 15

E/dalvikvm(25569): threadid=24: created from interp,name=Timer-31

E/dalvikvm(25569): threadid=24: calling run(),name=Timer-31

E/dalvikvm(25569): threadid=31: created from interp,name=Timer-32

E/dalvikvm(25569): threadid=31: calling run(),name=Timer-32

E/dalvikvm(25569): threadid=32: created from interp,name=Timer-33

E/dalvikvm(25569): threadid=32: calling run(),name=Timer-33

E/dalvikvm(25569): threadid=33: created from interp,name=Timer-34

E/dalvikvm(25569): threadid=33: calling run(),name=Timer-34

E/dalvikvm(25623): threadid=14: created from interp,name=AsyncOperationService[CastDeviceScannerIntentService]

E/dalvikvm(25623): threadid=14: calling run(),name=AsyncOperationService[CastDeviceScannerIntentService]

I/XiaomiFirewall( 5487): firewall pkgName:com.google.android.gms, result:0

E/dalvikvm(25623): threadid=15: created from interp,name=Thread-5957

E/dalvikvm(25623): threadid=15: calling run(),name=Thread-5957

E/dalvikvm(25623): threadid=16: created from interp,name=Thread-5958

E/dalvikvm(25623): threadid=16: calling run(),name=Thread-5958

E/dalvikvm(25569): threadid=18: exiting,name=SocketListener(connectsdk)

E/dalvikvm(25623): threadid=20: created from interp,name=Thread-5959

E/dalvikvm(25623): threadid=15: exiting,name=Thread-5957

E/dalvikvm(25623): threadid=16: exiting,name=Thread-5958

E/dalvikvm(25623): threadid=20: calling run(),name=Thread-5959

E/dalvikvm(25623): threadid=20: exiting,name=Thread-5959

D/dalvikvm(25623): GC_CONCURRENT freed 3803K, 36% free 11885K/18499K, paused 12ms+19ms, total 65ms

E/dalvikvm(25623): threadid=15: created from interp,name=Thread-5960

E/dalvikvm(25623): threadid=15: calling run(),name=Thread-5960

E/dalvikvm(25623): threadid=16: created from interp,name=Thread-5961

E/dalvikvm(25623): threadid=16: calling run(),name=Thread-5961

E/dalvikvm(25623): threadid=20: created from interp,name=Thread-5962

E/dalvikvm(25623): threadid=20: calling run(),name=Thread-5962

E/dalvikvm(25623): threadid=14: exiting,name=AsyncOperationService[CastDeviceScannerIntentService]

I/BatteryStatsImpl(  525): Start partial wakelock CastSocketMultiplexer(uid=10012, pid=25623) nesting 2

I/BatteryStatsImpl(  525): Start partial wakelock CastDeviceController(uid=10012, pid=25623) nesting 3

I/BatteryStatsImpl(  525): Stop partial wakelock CastDeviceController(uid=10012, pid=25623) nesting 2

D/WifiStateMachine(  525): ConnectedState{ what=131155 when=-3ms arg1=536 }

D/WifiStateMachine(  525): L2ConnectedState{ what=131155 when=-3ms arg1=536 }

D/wpa_supplicant(24911): wpa_s 0x40828ed0 cmd SIGNAL_POLL

D/wpa_supplicant(24911): nl80211: survey data missing!

I/BatteryStatsImpl(  525): Stop partial wakelock CastSocketMultiplexer(uid=10012, pid=25623) nesting 1

E/dalvikvm(25569): threadid=29: exiting,name=JmDNS(connectsdk).State.Timer

I/XiaomiFirewall( 5487): firewall pkgName:com.example.android.slidingtabsbasic, result:0

E/dalvikvm(25569): threadid=18: created from interp,name=SocketListener(connectsdk)

E/dalvikvm(25569): threadid=18: calling run(),name=SocketListener(connectsdk)

D/dalvikvm(25569): GC_CONCURRENT freed 3449K, 39% free 11368K/18499K, paused 12ms+17ms, total 64ms

E/dalvikvm(25569): threadid=19: exiting,name=Timer-23

E/dalvikvm(25569): threadid=20: exiting,name=Timer-24

E/dalvikvm(25569): threadid=21: exiting,name=Timer-25

E/dalvikvm(25569): threadid=22: exiting,name=Timer-26

E/dalvikvm(25569): threadid=23: exiting,name=Timer-27

E/dalvikvm(25569): threadid=26: exiting,name=Timer-28

E/dalvikvm(25569): threadid=27: exiting,name=Timer-29

E/dalvikvm(25569): threadid=28: exiting,name=Timer-30

E/dalvikvm(25569): threadid=24: exiting,name=Timer-31

E/dalvikvm(25569): threadid=31: exiting,name=Timer-32

E/dalvikvm(25569): threadid=32: exiting,name=Timer-33

E/dalvikvm(25569): threadid=33: exiting,name=Timer-34

E/dalvikvm(25569): threadid=19: created from interp,name=JmDNS(connectsdk).Timer

E/dalvikvm(25569): threadid=19: calling run(),name=JmDNS(connectsdk).Timer

E/dalvikvm(25569): threadid=20: created from interp,name=JmDNS(connectsdk).State.Timer

E/dalvikvm(25569): threadid=20: calling run(),name=JmDNS(connectsdk).State.Timer

D/WifiStateMachine(  525): ConnectedState{ what=131155 when=-3ms arg1=536 }

D/WifiStateMachine(  525): L2ConnectedState{ what=131155 when=-3ms arg1=536 }

D/wpa_supplicant(24911): wpa_s 0x40828ed0 cmd SIGNAL_POLL

D/wpa_supplicant(24911): nl80211: survey data missing!

I/BatteryStatsImpl(  525): Start partial wakelock CastSocketMultiplexer(uid=10012, pid=25623) nesting 2

I/BatteryStatsImpl(  525): Start partial wakelock CastDeviceController(uid=10012, pid=25623) nesting 3

I/BatteryStatsImpl(  525): Stop partial wakelock CastDeviceController(uid=10012, pid=25623) nesting 2

I/BatteryStatsImpl(  525): Start partial wakelock SyncManagerHandleSyncAlarm(uid=1000, pid=525) nesting 3

I/BatteryStatsImpl(  525): Start partial wakelock AlarmManager(uid=1000, pid=525) nesting 4

I/BatteryStatsImpl(  525): Stop partial wakelock AlarmManager(uid=1000, pid=525) nesting 3

I/BatteryStatsImpl(  525): Start partial wakelock SyncLoopWakeLock(uid=1000, pid=525) nesting 4

I/BatteryStatsImpl(  525): Stop partial wakelock SyncManagerHandleSyncAlarm(uid=1000, pid=525) nesting 3

I/BatteryStatsImpl(  525): Stop partial wakelock SyncLoopWakeLock(uid=1000, pid=525) nesting 2

I/BatteryStatsImpl(  525): Stop partial wakelock CastSocketMultiplexer(uid=10012, pid=25623) nesting 1

D/WifiStateMachine(  525): ConnectedState{ what=131155 when=-4ms arg1=536 }

D/WifiStateMachine(  525): L2ConnectedState{ what=131155 when=-4ms arg1=536 }

D/wpa_supplicant(24911): wpa_s 0x40828ed0 cmd SIGNAL_POLL

D/wpa_supplicant(24911): nl80211: survey data missing!

E/dalvikvm(25623): threadid=14: created from interp,name=AsyncOperationService[CastDeviceScannerIntentService]

E/dalvikvm(25623): threadid=14: calling run(),name=AsyncOperationService[CastDeviceScannerIntentService]

E/dalvikvm(25623): threadid=15: exiting,name=Thread-5960

E/dalvikvm(25623): threadid=16: exiting,name=Thread-5961

E/dalvikvm(25623): threadid=20: exiting,name=Thread-5962

E/dalvikvm(25623): threadid=14: exiting,name=AsyncOperationService[CastDeviceScannerIntentService]

W/SignalStrength(  951): Signal before validate=SignalStrength: 16 0 -1 -1 -1 -1 -1 99 2147483647 2147483647 2147483647 2147483647 2147483647 cdma

W/SignalStrength(  951): Signal after validate=SignalStrength: 16 0 -120 -160 -120 -1 -1 99 2147483647 2147483647 2147483647 2147483647 2147483647 cdma

D/StatusBar.NetworkController(  777): updateTelephonySignalStrength: mSignalStrength == 16(GSM) 99(CDMA) 255(LTE)

E/dalvikvm(25569): threadid=19: exiting,name=JmDNS(connectsdk).Timer

I/DsService( 1034): DsService.onTrimMemory() level 15

E/dalvikvm(25569): threadid=19: created from interp,name=Timer-35

E/dalvikvm(25569): threadid=19: calling run(),name=Timer-35

E/dalvikvm(25569): threadid=21: created from interp,name=Timer-36

E/dalvikvm(25569): threadid=21: calling run(),name=Timer-36

E/dalvikvm(25569): threadid=22: created from interp,name=Timer-37

E/dalvikvm(25569): threadid=22: calling run(),name=Timer-37

E/dalvikvm(25569): threadid=23: created from interp,name=Timer-38

E/dalvikvm(25569): threadid=23: calling run(),name=Timer-38

E/dalvikvm(25623): threadid=14: created from interp,name=AsyncOperationService[CastDeviceScannerIntentService]

E/dalvikvm(25623): threadid=14: calling run(),name=AsyncOperationService[CastDeviceScannerIntentService]

I/XiaomiFirewall( 5487): firewall pkgName:com.google.android.gms, result:0

E/dalvikvm(25623): threadid=15: created from interp,name=Thread-5965

E/dalvikvm(25623): threadid=15: calling run(),name=Thread-5965

E/dalvikvm(25623): threadid=16: created from interp,name=Thread-5966

E/dalvikvm(25623): threadid=16: calling run(),name=Thread-5966

E/dalvikvm(25569): threadid=18: exiting,name=SocketListener(connectsdk)

E/dalvikvm(25623): threadid=20: created from interp,name=Thread-5967

E/dalvikvm(25623): threadid=15: exiting,name=Thread-5965

E/dalvikvm(25623): threadid=16: exiting,name=Thread-5966

E/dalvikvm(25623): threadid=20: calling run(),name=Thread-5967

E/dalvikvm(25623): threadid=20: exiting,name=Thread-5967

E/dalvikvm(25623): threadid=15: created from interp,name=Thread-5968

E/dalvikvm(25623): threadid=15: calling run(),name=Thread-5968

E/dalvikvm(25623): threadid=16: created from interp,name=Thread-5969

E/dalvikvm(25623): threadid=16: calling run(),name=Thread-5969

E/dalvikvm(25623): threadid=20: created from interp,name=Thread-5970

E/dalvikvm(25623): threadid=20: calling run(),name=Thread-5970

E/dalvikvm(25623): threadid=14: exiting,name=AsyncOperationService[CastDeviceScannerIntentService]

D/WifiStateMachine(  525): ConnectedState{ what=131155 when=-2ms arg1=536 }

D/WifiStateMachine(  525): L2ConnectedState{ what=131155 when=-2ms arg1=536 }

D/wpa_supplicant(24911): wpa_s 0x40828ed0 cmd SIGNAL_POLL

D/wpa_supplicant(24911): nl80211: survey data missing!

D/Process (  525): Begin--Starting VM process through Zygote processClass-->android.app.ActivityThread niceName-->com.miui.guardprovider

E/dalvikvm(  179): threadid=2: exiting,name=ReferenceQueueDaemon

E/dalvikvm(  179): threadid=3: exiting,name=FinalizerDaemon

E/dalvikvm(  179): threadid=4: exiting,name=FinalizerWatchdogDaemon

E/dalvikvm(  179): native fork pid:26226 done.

E/dalvikvm(26226): native fork pid:0 done.

E/dalvikvm(26226): threadid=5: created from interp,name=ReferenceQueueDaemon

E/dalvikvm(  179): threadid=2: created from interp,name=ReferenceQueueDaemon

E/dalvikvm(  179): threadid=2: calling run(),name=ReferenceQueueDaemon

E/dalvikvm(26226): threadid=5: calling run(),name=ReferenceQueueDaemon

E/dalvikvm(26226): threadid=6: created from interp,name=FinalizerDaemon

E/dalvikvm(26226): threadid=6: calling run(),name=FinalizerDaemon

E/dalvikvm(26226): threadid=7: created from interp,name=FinalizerWatchdogDaemon

E/dalvikvm(  179): threadid=3: created from interp,name=FinalizerDaemon

E/dalvikvm(  179): threadid=3: calling run(),name=FinalizerDaemon

E/dalvikvm(  179): threadid=4: created from interp,name=FinalizerWatchdogDaemon

E/dalvikvm(  179): threadid=4: calling run(),name=FinalizerWatchdogDaemon

D/Process (  525): End--Starting VM process through Zygote done.pid-->26226

I/ActivityManager(  525): Start proc com.miui.guardprovider for service com.miui.guardprovider/.SecureService: pid=26226 uid=10028 gids={3003, 1015, 1028}

E/dalvikvm(26226): threadid=7: calling run(),name=FinalizerWatchdogDaemon

D/ActivityThread(26226): setTargetHeapUtilization:0.25

D/ActivityThread(26226): setTargetHeapIdealFree:8388608

D/ActivityThread(26226): setTargetHeapConcurrentStart:2097152

I/BatteryStatsImpl(  525): Start partial wakelock CastSocketMultiplexer(uid=10012, pid=25623) nesting 2

I/BatteryStatsImpl(  525): Start partial wakelock CastDeviceController(uid=10012, pid=25623) nesting 3

I/BatteryStatsImpl(  525): Stop partial wakelock CastDeviceController(uid=10012, pid=25623) nesting 2

I/ActivityThread(26226): Pub guard: com.miui.guardprovider.GuardProvider

E/dalvikvm(26226): threadid=10: created from interp,name=SharedPreferencesImpl-load

E/dalvikvm(26226): threadid=10: calling run(),name=SharedPreferencesImpl-load

E/dalvikvm(26226): threadid=10: exiting,name=SharedPreferencesImpl-load

W/PackageManager(  525): Failed setComponentEnabledSetting: component class com.dianxinos.optimizer.engine.antispam.InterceptSmsReceiver does not exist in com.miui.guardprovider

E/dalvikvm(26226): threadid=11: created from interp,name=SharedPreferencesImpl-load

I/FunctionHandler(26226): META-INF/MANIFEST.MF

I/FunctionHandler(26226): META-INF/CERT.SF

I/FunctionHandler(26226): META-INF/CERT.RSA

E/dalvikvm(26226): threadid=11: calling run(),name=SharedPreferencesImpl-load

E/dalvikvm(26226): threadid=11: exiting,name=SharedPreferencesImpl-load

I/FunctionHandler(26226): AndroidManifest.xml

I/FunctionHandler(26226): YhdsEngine-version

I/FunctionHandler(26226): assets/antispam_profiles.db

I/FunctionHandler(26226): assets/fonts/addetector.ttf

I/FunctionHandler(26226): assets/licence.conf

I/FunctionHandler(26226): assets/model

I/FunctionHandler(26226): assets/model.db

I/FunctionHandler(26226): assets/qv_base.amf

I/FunctionHandler(26226): assets/rule_store.sys

I/FunctionHandler(26226): assets/ye_base.ldb

I/FunctionHandler(26226): assets/ye_fixed_phone

I/FunctionHandler(26226): assets/ye_intl_phone

I/FunctionHandler(26226): assets/ye_license

I/FunctionHandler(26226): assets/ye_phone_tag

I/FunctionHandler(26226): assets/ye_public_phone

I/FunctionHandler(26226): classes.dex

I/FunctionHandler(26226): com/qq/jce/wup/wup.properties

I/FunctionHandler(26226): lib/armeabi-v7a/libams-1.1.0-legacy.so

I/FunctionHandler(26226): lib/armeabi-v7a/libcryptor-1.0.0-legacy.so

I/FunctionHandler(26226): lib/armeabi-v7a/libdexanalysis.so

I/FunctionHandler(26226): lib/armeabi-v7a/libdexanalysisd.so

I/FunctionHandler(26226): lib/armeabi-v7a/libsmschecker-1.0.1.so

I/FunctionHandler(26226): lib/armeabi-v7a/libsmsparser-1.0.0.so

I/FunctionHandler(26226): res/drawable-xhdpi/ic_action_search.png

I/FunctionHandler(26226): res/drawable-xhdpi/ic_launcher.png

I/FunctionHandler(26226): res/layout/activity_main.xml

I/FunctionHandler(26226): res/menu/activity_main.xml

I/FunctionHandler(26226): resources.arsc

E/dalvikvm(26226): threadid=11: created from interp,name=SharedPreferencesImpl-load

E/dalvikvm(26226): threadid=11: calling run(),name=SharedPreferencesImpl-load

E/dalvikvm(26226): threadid=11: exiting,name=SharedPreferencesImpl-load

D/LicMan  (26226): expirySeconds=2208960000(2039-11-31) expired=false

E/dalvikvm(26226): threadid=11: created from interp,name=SharedPreferencesImpl-load

E/dalvikvm(26226): threadid=11: calling run(),name=SharedPreferencesImpl-load

E/dalvikvm(26226): threadid=11: exiting,name=SharedPreferencesImpl-load

I/BatteryStatsImpl(  525): Start partial wakelock AlarmManager(uid=1000, pid=525) nesting 3

E/dalvikvm(26226): threadid=11: created from interp,name=IntentService[EngineIntentService]

E/dalvikvm(26226): threadid=11: calling run(),name=IntentService[EngineIntentService]

I/YhdsEngine(26226): [EngineIntentService] Received: com.dianxinos.optimizer.engine.action.APP_START

D/PictureClock(  777): newTime=12:36

E/dalvikvm(26226): threadid=12: created from interp,name=Thread-5918

E/dalvikvm(26226): threadid=12: calling run(),name=Thread-5918

I/YhdsEngine(26226): [AlarmEventMgr] event scheduled: com.dianxinos.optimizer.action.ALARM_EVENT_ANTISPAM_PROFILES_UPDATE

I/YhdsEngine(26226): [AlarmEventMgr] event scheduled: com.dianxinos.optimizer.action.ALARM_EVENT_ANTISPAM_KEYWORDS_UPDATE

I/YhdsEngine(26226): [AlarmEventMgr] event scheduled: com.dianxinos.optimizer.action.ALARM_EVENT_ANTISPAM_PHONELABEL_UPDATE

E/dalvikvm(26226): threadid=12: exiting,name=Thread-5918

I/BatteryStatsImpl(  525): Stop partial wakelock AlarmManager(uid=1000, pid=525) nesting 2

D/dalvikvm(26226): GC_CONCURRENT freed 3942K, 26% free 13861K/18499K, paused 12ms+2ms, total 57ms

D/dalvikvm(26226): WAIT_FOR_CONCURRENT_GC blocked 22ms

I/BatteryStatsImpl(  525): Stop partial wakelock CastSocketMultiplexer(uid=10012, pid=25623) nesting 1

D/BatteryInfoReceiver( 1226): 现有电量：53

E/dalvikvm(26226): threadid=12: created from interp,name=SharedPreferencesImpl-load

E/dalvikvm(26226): threadid=12: calling run(),name=SharedPreferencesImpl-load

E/dalvikvm(26226): threadid=12: exiting,name=SharedPreferencesImpl-load

I/YhdsEngine(26226): [AlarmEventMgr] event canceled: com.dianxinos.optimizer.action.ALARM_EVENT_ANTISPAM_PROFILES_UPDATE

E/dalvikvm(26226): threadid=12: created from interp,name=Thread-5920

E/dalvikvm(26226): threadid=12: calling run(),name=Thread-5920

I/YhdsEngine(26226): [AlarmEventMgr] event scheduled: com.dianxinos.optimizer.action.ALARM_EVENT_ANTISPAM_PROFILES_UPDATE

I/YhdsEngine(26226): [AlarmEventMgr] event canceled: com.dianxinos.optimizer.action.ALARM_EVENT_ANTISPAM_KEYWORDS_UPDATE

E/dalvikvm(26226): threadid=12: exiting,name=Thread-5920

E/dalvikvm(26226): threadid=12: created from interp,name=Thread-5921

E/dalvikvm(26226): threadid=12: calling run(),name=Thread-5921

I/YhdsEngine(26226): [AlarmEventMgr] event scheduled: com.dianxinos.optimizer.action.ALARM_EVENT_ANTISPAM_KEYWORDS_UPDATE

W/System.err(  525): java.lang.SecurityException: Permission Denial: opening provider com.android.providers.contacts.CallLogProvider from ProcessRecord{438e0f98 26226:com.miui.guardprovider/u0a28} (pid=26226, uid=10028) requires android.permission.READ_CALL_LOG or android.permission.WRITE_CALL_LOG

W/System.err(  525): 	at com.android.server.am.ActivityManagerService.getContentProviderImpl(ActivityManagerService.java:6409)

W/System.err(  525): 	at com.android.server.am.ActivityManagerService.getContentProvider(ActivityManagerService.java:6644)

W/System.err(  525): 	at android.app.ActivityManagerNative.onTransact(ActivityManagerNative.java:584)

W/System.err(  525): 	at com.android.server.am.ActivityManagerService.onTransact(ActivityManagerService.java:1753)

W/System.err(  525): 	at android.os.Binder.execTransact(Binder.java:367)

W/System.err(  525): 	at dalvik.system.NativeStart.run(Native Method)

W/ActivityManager(  525): Permission Denial: opening provider com.android.providers.contacts.CallLogProvider from ProcessRecord{438e0f98 26226:com.miui.guardprovider/u0a28} (pid=26226, uid=10028) requires android.permission.READ_CALL_LOG or android.permission.WRITE_CALL_LOG

E/dalvikvm(26226): threadid=13: created from interp,name=SharedPreferencesImpl-load

E/dalvikvm(26226): threadid=13: calling run(),name=SharedPreferencesImpl-load

E/dalvikvm(26226): threadid=13: exiting,name=SharedPreferencesImpl-load

E/DatabaseUtils(  525): Writing exception to parcel

E/DatabaseUtils(  525): java.lang.SecurityException: Permission Denial: writing com.android.providers.settings.SettingsProvider uri content://settings/system from pid=26226, uid=10028 requires android.permission.WRITE_SETTINGS, or grantUriPermission()

E/DatabaseUtils(  525): 	at android.content.ContentProvider$Transport.enforceWritePermission(ContentProvider.java:393)

E/DatabaseUtils(  525): 	at android.content.ContentProvider$Transport.insert(ContentProvider.java:200)

E/DatabaseUtils(  525): 	at android.content.ContentProviderNative.onTransact(ContentProviderNative.java:148)

E/DatabaseUtils(  525): 	at android.os.Binder.execTransact(Binder.java:367)

E/DatabaseUtils(  525): 	at dalvik.system.NativeStart.run(Native Method)

E/dalvikvm(26226): threadid=12: exiting,name=Thread-5921

D/WifiStateMachine(  525): ConnectedState{ what=131155 when=-3ms arg1=536 }

D/WifiStateMachine(  525): L2ConnectedState{ what=131155 when=-4ms arg1=536 }

D/wpa_supplicant(24911): wpa_s 0x40828ed0 cmd SIGNAL_POLL

D/wpa_supplicant(24911): nl80211: survey data missing!

I/XiaomiFirewall( 5487): firewall pkgName:com.miui.guardprovider, result:0

E/dalvikvm(25569): threadid=20: exiting,name=JmDNS(connectsdk).State.Timer

I/XiaomiFirewall( 5487): firewall pkgName:com.example.android.slidingtabsbasic, result:0

E/dalvikvm(25569): threadid=18: created from interp,name=SocketListener(connectsdk)

E/dalvikvm(25569): threadid=18: calling run(),name=SocketListener(connectsdk)

E/dalvikvm(25569): threadid=20: created from interp,name=JmDNS(connectsdk).Timer

E/dalvikvm(25569): threadid=20: calling run(),name=JmDNS(connectsdk).Timer

E/dalvikvm(25569): threadid=24: created from interp,name=JmDNS(connectsdk).State.Timer

E/dalvikvm(25569): threadid=24: calling run(),name=JmDNS(connectsdk).State.Timer

I/BatteryStatsImpl(  525): Start partial wakelock CastSocketMultiplexer(uid=10012, pid=25623) nesting 2

I/BatteryStatsImpl(  525): Start partial wakelock CastDeviceController(uid=10012, pid=25623) nesting 3

I/BatteryStatsImpl(  525): Stop partial wakelock CastDeviceController(uid=10012, pid=25623) nesting 2

I/BatteryStatsImpl(  525): Start partial wakelock CastDeviceController(uid=10012, pid=25623) nesting 3

I/BatteryStatsImpl(  525): Stop partial wakelock CastDeviceController(uid=10012, pid=25623) nesting 2

D/WifiStateMachine(  525): ConnectedState{ what=131155 when=-2ms arg1=536 }

D/WifiStateMachine(  525): L2ConnectedState{ what=131155 when=-3ms arg1=536 }

D/wpa_supplicant(24911): wpa_s 0x40828ed0 cmd SIGNAL_POLL

D/wpa_supplicant(24911): nl80211: survey data missing!

E/dalvikvm(25663): threadid=21: created from interp,name=AsyncOperationService[ClearcutLoggerIntentService]

E/dalvikvm(25663): threadid=21: calling run(),name=AsyncOperationService[ClearcutLoggerIntentService]

I/BatteryStatsImpl(  525): Start partial wakelock CastDeviceController(uid=10012, pid=25623) nesting 3

I/BatteryStatsImpl(  525): Stop partial wakelock CastDeviceController(uid=10012, pid=25623) nesting 2

I/BatteryStatsImpl(  525): Stop partial wakelock CastSocketMultiplexer(uid=10012, pid=25623) nesting 1

E/dalvikvm(25663): threadid=21: exiting,name=AsyncOperationService[ClearcutLoggerIntentService]

E/dalvikvm(25623): threadid=14: created from interp,name=AsyncOperationService[CastDeviceScannerIntentService]

E/dalvikvm(25623): threadid=14: calling run(),name=AsyncOperationService[CastDeviceScannerIntentService]

E/dalvikvm(25623): threadid=15: exiting,name=Thread-5968

E/dalvikvm(25623): threadid=16: exiting,name=Thread-5969

E/dalvikvm(25623): threadid=20: exiting,name=Thread-5970

E/dalvikvm(25623): threadid=14: exiting,name=AsyncOperationService[CastDeviceScannerIntentService]

E/dalvikvm(25569): threadid=20: exiting,name=JmDNS(connectsdk).Timer

I/DsService( 1034): DsService.onTrimMemory() level 15

E/dalvikvm(25569): threadid=20: created from interp,name=Timer-39

E/dalvikvm(25569): threadid=20: calling run(),name=Timer-39

E/dalvikvm(25569): threadid=26: created from interp,name=Timer-40

E/dalvikvm(25569): threadid=26: calling run(),name=Timer-40

E/dalvikvm(25569): threadid=27: created from interp,name=Timer-41

E/dalvikvm(25569): threadid=27: calling run(),name=Timer-41

E/dalvikvm(25569): threadid=28: created from interp,name=Timer-42

E/dalvikvm(25569): threadid=28: calling run(),name=Timer-42

D/WifiStateMachine(  525): ConnectedState{ what=131155 when=-3ms arg1=536 }

D/WifiStateMachine(  525): L2ConnectedState{ what=131155 when=-4ms arg1=536 }

D/wpa_supplicant(24911): wpa_s 0x40828ed0 cmd SIGNAL_POLL

D/wpa_supplicant(24911): nl80211: survey data missing!

E/dalvikvm(25623): threadid=14: created from interp,name=AsyncOperationService[CastDeviceScannerIntentService]

E/dalvikvm(25623): threadid=14: calling run(),name=AsyncOperationService[CastDeviceScannerIntentService]

I/XiaomiFirewall( 5487): firewall pkgName:com.google.android.gms, result:0

E/dalvikvm(25623): threadid=15: created from interp,name=Thread-5973

E/dalvikvm(25623): threadid=15: calling run(),name=Thread-5973

E/dalvikvm(25623): threadid=16: created from interp,name=Thread-5974

E/dalvikvm(25623): threadid=16: calling run(),name=Thread-5974

E/dalvikvm(25569): threadid=18: exiting,name=SocketListener(connectsdk)

E/dalvikvm(25623): threadid=20: created from interp,name=Thread-5975

E/dalvikvm(25623): threadid=15: exiting,name=Thread-5973

E/dalvikvm(25623): threadid=16: exiting,name=Thread-5974

E/dalvikvm(25623): threadid=20: calling run(),name=Thread-5975

E/dalvikvm(25623): threadid=20: exiting,name=Thread-5975

E/dalvikvm(25623): threadid=15: created from interp,name=Thread-5976

E/dalvikvm(25623): threadid=15: calling run(),name=Thread-5976

E/dalvikvm(25623): threadid=16: created from interp,name=Thread-5977

E/dalvikvm(25623): threadid=16: calling run(),name=Thread-5977

D/dalvikvm(25623): GC_CONCURRENT freed 5367K, 38% free 11577K/18499K, paused 11ms+3ms, total 40ms

E/dalvikvm(25623): threadid=20: created from interp,name=Thread-5978

E/dalvikvm(25623): threadid=20: calling run(),name=Thread-5978

I/YhdsEngine(26226): [AlarmEventMgr] event canceled: com.dianxinos.optimizer.action.ALARM_EVENT_ANTISPAM_PHONELABEL_UPDATE

E/dalvikvm(26226): threadid=12: created from interp,name=Thread-5923

E/dalvikvm(26226): threadid=12: calling run(),name=Thread-5923

I/YhdsEngine(26226): [AlarmEventMgr] event scheduled: com.dianxinos.optimizer.action.ALARM_EVENT_ANTISPAM_PHONELABEL_UPDATE

E/dalvikvm(26226): threadid=11: exiting,name=IntentService[EngineIntentService]

E/dalvikvm(26226): threadid=12: exiting,name=Thread-5923

E/dalvikvm(25623): threadid=14: exiting,name=AsyncOperationService[CastDeviceScannerIntentService]

E/dalvikvm(25663): threadid=21: created from interp,name=Gservices

E/dalvikvm(25663): threadid=21: calling run(),name=Gservices

E/dalvikvm(25663): threadid=22: created from interp,name=MCS WorkerThread

E/dalvikvm(25663): threadid=22: calling run(),name=MCS WorkerThread

E/dalvikvm(25663): threadid=23: created from interp,name=Thread-5922

E/dalvikvm(25663): threadid=23: calling run(),name=Thread-5922

E/dalvikvm(25663): threadid=23: exiting,name=Thread-5922

E/dalvikvm(25663): threadid=23: created from interp,name=AsyncTask #5

E/dalvikvm(25663): threadid=23: calling run(),name=AsyncTask #5

D/GCM     (25663): GcmService start Intent { act=com.google.android.talk.MCS_CONNECTION_SERVICE_STARTED flg=0x10 cmp=com.google.android.gms/.gcm.GcmService } com.google.android.talk.MCS_CONNECTION_SERVICE_STARTED

I/BatteryStatsImpl(  525): Start partial wakelock CastSocketMultiplexer(uid=10012, pid=25623) nesting 2

I/BatteryStatsImpl(  525): Start partial wakelock CastDeviceController(uid=10012, pid=25623) nesting 3

I/BatteryStatsImpl(  525): Stop partial wakelock CastDeviceController(uid=10012, pid=25623) nesting 2

D/WifiStateMachine(  525): ConnectedState{ what=131155 when=-3ms arg1=536 }

D/WifiStateMachine(  525): L2ConnectedState{ what=131155 when=-3ms arg1=536 }

D/wpa_supplicant(24911): wpa_s 0x40828ed0 cmd SIGNAL_POLL

D/wpa_supplicant(24911): nl80211: survey data missing!

I/BatteryStatsImpl(  525): Stop partial wakelock CastSocketMultiplexer(uid=10012, pid=25623) nesting 1

E/dalvikvm(25569): threadid=24: exiting,name=JmDNS(connectsdk).State.Timer

I/XiaomiFirewall( 5487): firewall pkgName:com.example.android.slidingtabsbasic, result:0

E/dalvikvm(25569): threadid=18: created from interp,name=SocketListener(connectsdk)

E/dalvikvm(25569): threadid=18: calling run(),name=SocketListener(connectsdk)

E/dalvikvm(25569): threadid=24: created from interp,name=JmDNS(connectsdk).Timer

E/dalvikvm(25569): threadid=24: calling run(),name=JmDNS(connectsdk).Timer

E/dalvikvm(25569): threadid=29: created from interp,name=JmDNS(connectsdk).State.Timer

E/dalvikvm(25569): threadid=29: calling run(),name=JmDNS(connectsdk).State.Timer

D/ConnectivityService(  525): handleInetConditionHoldEnd: net=1, condition=0, published condition=100

D/StatusBar.NetworkController(  777): updateTelephonySignalStrength: mSignalStrength == 16(GSM) 99(CDMA) 255(LTE)

D/WifiStateMachine(  525): ConnectedState{ what=131155 when=-3ms arg1=536 }

D/WifiStateMachine(  525): L2ConnectedState{ what=131155 when=-4ms arg1=536 }

D/wpa_supplicant(24911): wpa_s 0x40828ed0 cmd SIGNAL_POLL

D/wpa_supplicant(24911): nl80211: survey data missing!

E/dalvikvm(25623): threadid=14: created from interp,name=AsyncOperationService[CastDeviceScannerIntentService]

E/dalvikvm(25623): threadid=14: calling run(),name=AsyncOperationService[CastDeviceScannerIntentService]

E/dalvikvm(25623): threadid=15: exiting,name=Thread-5976

E/dalvikvm(25623): threadid=16: exiting,name=Thread-5977

E/dalvikvm(25623): threadid=20: exiting,name=Thread-5978

I/BatteryStatsImpl(  525): Start partial wakelock CastSocketMultiplexer(uid=10012, pid=25623) nesting 2

I/BatteryStatsImpl(  525): Start partial wakelock CastDeviceController(uid=10012, pid=25623) nesting 3

I/BatteryStatsImpl(  525): Stop partial wakelock CastDeviceController(uid=10012, pid=25623) nesting 2

D/WifiStateMachine(  525): ConnectedState{ what=131155 when=-3ms arg1=536 }

D/WifiStateMachine(  525): L2ConnectedState{ what=131155 when=-3ms arg1=536 }

D/wpa_supplicant(24911): wpa_s 0x40828ed0 cmd SIGNAL_POLL

D/wpa_supplicant(24911): nl80211: survey data missing!

E/dalvikvm(25623): threadid=14: exiting,name=AsyncOperationService[CastDeviceScannerIntentService]

E/dalvikvm(25569): threadid=24: exiting,name=JmDNS(connectsdk).Timer

D/Connect SDK(25569): onServiceRemoved: friendlyName: dittotvandroid

I/DsService( 1034): DsService.onTrimMemory() level 15

E/dalvikvm(25569): threadid=24: created from interp,name=Timer-43

E/dalvikvm(25569): threadid=24: calling run(),name=Timer-43

E/dalvikvm(25569): threadid=31: created from interp,name=Timer-44

E/dalvikvm(25569): threadid=31: calling run(),name=Timer-44

E/dalvikvm(25569): threadid=32: created from interp,name=Timer-45

E/dalvikvm(25569): threadid=32: calling run(),name=Timer-45

E/dalvikvm(25569): threadid=33: created from interp,name=Timer-46

E/dalvikvm(25569): threadid=33: calling run(),name=Timer-46

I/BatteryStatsImpl(  525): Stop partial wakelock CastSocketMultiplexer(uid=10012, pid=25623) nesting 1

E/dalvikvm(25623): threadid=14: created from interp,name=AsyncOperationService[CastDeviceScannerIntentService]

E/dalvikvm(25623): threadid=14: calling run(),name=AsyncOperationService[CastDeviceScannerIntentService]

I/XiaomiFirewall( 5487): firewall pkgName:com.google.android.gms, result:0

E/dalvikvm(25623): threadid=15: created from interp,name=Thread-5981

E/dalvikvm(25623): threadid=15: calling run(),name=Thread-5981

E/dalvikvm(25623): threadid=16: created from interp,name=Thread-5982

E/dalvikvm(25623): threadid=16: calling run(),name=Thread-5982

E/dalvikvm(25569): threadid=18: exiting,name=SocketListener(connectsdk)

E/dalvikvm(25623): threadid=20: created from interp,name=Thread-5983

E/dalvikvm(25623): threadid=15: exiting,name=Thread-5981

E/dalvikvm(25623): threadid=16: exiting,name=Thread-5982

E/dalvikvm(25623): threadid=20: calling run(),name=Thread-5983

E/dalvikvm(25623): threadid=20: exiting,name=Thread-5983

E/dalvikvm(25623): threadid=15: created from interp,name=Thread-5984

E/dalvikvm(25623): threadid=15: calling run(),name=Thread-5984

E/dalvikvm(25623): threadid=16: created from interp,name=Thread-5985

E/dalvikvm(25623): threadid=16: calling run(),name=Thread-5985

E/dalvikvm(25623): threadid=20: created from interp,name=Thread-5986

E/dalvikvm(25623): threadid=20: calling run(),name=Thread-5986

E/dalvikvm(25623): threadid=14: exiting,name=AsyncOperationService[CastDeviceScannerIntentService]

D/WifiStateMachine(  525): ConnectedState{ what=131155 when=-1ms arg1=536 }

D/WifiStateMachine(  525): L2ConnectedState{ what=131155 when=-2ms arg1=536 }

D/wpa_supplicant(24911): wpa_s 0x40828ed0 cmd SIGNAL_POLL

D/wpa_supplicant(24911): nl80211: survey data missing!

E/dalvikvm(25569): threadid=29: exiting,name=JmDNS(connectsdk).State.Timer

I/XiaomiFirewall( 5487): firewall pkgName:com.example.android.slidingtabsbasic, result:0

E/dalvikvm(25569): threadid=18: created from interp,name=SocketListener(connectsdk)

E/dalvikvm(25569): threadid=18: calling run(),name=SocketListener(connectsdk)

E/dalvikvm(25569): threadid=29: created from interp,name=JmDNS(connectsdk).Timer

E/dalvikvm(25569): threadid=29: calling run(),name=JmDNS(connectsdk).Timer

E/dalvikvm(25569): threadid=34: created from interp,name=JmDNS(connectsdk).State.Timer

E/dalvikvm(25569): threadid=34: calling run(),name=JmDNS(connectsdk).State.Timer

D/WifiStateMachine(  525): ConnectedState{ what=131155 when=-2ms arg1=536 }

D/WifiStateMachine(  525): L2ConnectedState{ what=131155 when=-3ms arg1=536 }

D/wpa_supplicant(24911): wpa_s 0x40828ed0 cmd SIGNAL_POLL

D/wpa_supplicant(24911): nl80211: survey data missing!

D/WifiStateMachine(  525): ConnectedState{ what=131155 when=-1ms arg1=536 }

D/WifiStateMachine(  525): L2ConnectedState{ what=131155 when=-1ms arg1=536 }

D/wpa_supplicant(24911): wpa_s 0x40828ed0 cmd SIGNAL_POLL

D/wpa_supplicant(24911): nl80211: survey data missing!

E/dalvikvm(25623): threadid=14: created from interp,name=AsyncOperationService[CastDeviceScannerIntentService]

E/dalvikvm(25623): threadid=14: calling run(),name=AsyncOperationService[CastDeviceScannerIntentService]

E/dalvikvm(25623): threadid=15: exiting,name=Thread-5984

E/dalvikvm(25623): threadid=16: exiting,name=Thread-5985

E/dalvikvm(25623): threadid=20: exiting,name=Thread-5986

E/dalvikvm(25623): threadid=14: exiting,name=AsyncOperationService[CastDeviceScannerIntentService]

E/dalvikvm(25569): threadid=29: exiting,name=JmDNS(connectsdk).Timer

I/DsService( 1034): DsService.onTrimMemory() level 15

E/dalvikvm(25569): threadid=29: created from interp,name=Timer-47

E/dalvikvm(25569): threadid=29: calling run(),name=Timer-47

E/dalvikvm(25569): threadid=35: created from interp,name=Timer-48

E/dalvikvm(25569): threadid=35: calling run(),name=Timer-48

E/dalvikvm(25569): threadid=36: created from interp,name=Timer-49

E/dalvikvm(25569): threadid=36: calling run(),name=Timer-49

E/dalvikvm(25569): threadid=37: created from interp,name=Timer-50

E/dalvikvm(25569): threadid=37: calling run(),name=Timer-50

E/dalvikvm(25623): threadid=14: created from interp,name=AsyncOperationService[CastDeviceScannerIntentService]

E/dalvikvm(25623): threadid=14: calling run(),name=AsyncOperationService[CastDeviceScannerIntentService]

I/XiaomiFirewall( 5487): firewall pkgName:com.google.android.gms, result:0

E/dalvikvm(25623): threadid=15: created from interp,name=Thread-5989

E/dalvikvm(25623): threadid=15: calling run(),name=Thread-5989

E/dalvikvm(25623): threadid=16: created from interp,name=Thread-5990

E/dalvikvm(25623): threadid=16: calling run(),name=Thread-5990

E/dalvikvm(25569): threadid=18: exiting,name=SocketListener(connectsdk)

E/dalvikvm(25623): threadid=20: created from interp,name=Thread-5991

E/dalvikvm(25623): threadid=15: exiting,name=Thread-5989

E/dalvikvm(25623): threadid=16: exiting,name=Thread-5990

E/dalvikvm(25623): threadid=20: calling run(),name=Thread-5991

E/dalvikvm(25623): threadid=20: exiting,name=Thread-5991

D/dalvikvm(25623): GC_CONCURRENT freed 4930K, 38% free 11504K/18499K, paused 12ms+2ms, total 46ms

E/dalvikvm(25623): threadid=15: created from interp,name=Thread-5992

E/dalvikvm(25623): threadid=15: calling run(),name=Thread-5992

E/dalvikvm(25623): threadid=16: created from interp,name=Thread-5993

E/dalvikvm(25623): threadid=16: calling run(),name=Thread-5993

E/dalvikvm(25623): threadid=20: created from interp,name=Thread-5994

E/dalvikvm(25623): threadid=20: calling run(),name=Thread-5994

D/Connect SDK(25569): Service added: dittotvandroid (Chromecast)

D/Connect SDK(25569): Adding service Chromecast to device with address 192.168.85.102 and id 2e58f28a-9f30-4edd-a1aa-b66aada50153

E/dalvikvm(25663): threadid=24: created from interp,name=AsyncOperationService[ClearcutLoggerIntentService]

E/dalvikvm(25663): threadid=24: calling run(),name=AsyncOperationService[ClearcutLoggerIntentService]

E/dalvikvm(25623): threadid=14: exiting,name=AsyncOperationService[CastDeviceScannerIntentService]

E/dalvikvm(25663): threadid=24: exiting,name=AsyncOperationService[ClearcutLoggerIntentService]

D/WifiStateMachine(  525): ConnectedState{ what=131155 when=-1ms arg1=536 }

D/WifiStateMachine(  525): L2ConnectedState{ what=131155 when=-1ms arg1=536 }

D/wpa_supplicant(24911): wpa_s 0x40828ed0 cmd SIGNAL_POLL

D/wpa_supplicant(24911): nl80211: survey data missing!

D/WifiStateMachine(  525): ConnectedState{ what=131155 when=-3ms arg1=536 }

D/WifiStateMachine(  525): L2ConnectedState{ what=131155 when=-3ms arg1=536 }

D/wpa_supplicant(24911): wpa_s 0x40828ed0 cmd SIGNAL_POLL

D/wpa_supplicant(24911): nl80211: survey data missing!

D/My Message(25569): showDeviceSelectDialog

E/dalvikvm(25569): threadid=34: exiting,name=JmDNS(connectsdk).State.Timer

I/XiaomiFirewall( 5487): firewall pkgName:com.example.android.slidingtabsbasic, result:0

